Microchip MPLAB XC8 Compiler V2.36

Linker command line:

-W-3 --edf=C:\Program Files\Microchip\xc8\v2.36\pic\dat\en_msgs.txt -cn \
  -h+dist/default/production\16F1829.X.production.sym \
  --cmf=dist/default/production\16F1829.X.production.cmf -z -Q16F1829 \
  -oC:\Users\DELL\AppData\Local\Temp\xcAs1m4.4 --defsym=__MPLAB_BUILD=1 \
  -Mdist/default/production/16F1829.X.production.map \
  --md=C:\Users\DELL\AppData\Local\Temp\xcAs1m4.dat -E1 -ver=XC8 Compiler \
  --acfsm=1493 -ACODE=00h-07FFhx4 -ASTRCODE=00h-01FFFh -ASTRING=00h-0FFhx32 \
  -ACONST=00h-0FFhx32 -AENTRY=00h-0FFhx32 -ACOMMON=070h-07Fh \
  -ABANK0=020h-06Fh -ABANK1=0A0h-0EFh -ABANK2=0120h-016Fh \
  -ABANK3=01A0h-01EFh -ABANK4=0220h-026Fh -ABANK5=02A0h-02EFh \
  -ABANK6=0320h-036Fh -ABANK7=03A0h-03EFh -ABANK8=0420h-046Fh \
  -ABANK9=04A0h-04EFh -ABANK10=0520h-056Fh -ABANK11=05A0h-05EFh \
  -ABANK12=0620h-064Fh -ABIGRAM=02000h-023EFh \
  -ARAM=020h-06Fh,0A0h-0EFh,0120h-016Fh,01A0h-01EFh,0220h-026Fh,02A0h-02EFh,0320h-036Fh,03A0h-03EFh,0420h-046Fh,04A0h-04EFh,0520h-056Fh,05A0h-05EFh,0620h-064Fh \
  -AABS1=020h-07Fh,0A0h-0EFh,0120h-016Fh,01A0h-01EFh,0220h-026Fh,02A0h-02EFh,0320h-036Fh,03A0h-03EFh,0420h-046Fh,04A0h-04EFh,0520h-056Fh,05A0h-05EFh,0620h-064Fh \
  -ASFR0=00h-01Fh -ASFR1=080h-09Fh -ASFR2=0100h-011Fh -ASFR3=0180h-019Fh \
  -ASFR4=0200h-021Fh -ASFR5=0280h-029Fh -ASFR6=0300h-031Fh \
  -ASFR7=0380h-039Fh -ASFR8=0400h-041Fh -ASFR9=0480h-049Fh \
  -ASFR10=0500h-051Fh -ASFR11=0580h-059Fh -ASFR12=0600h-061Fh \
  -ASFR13=0680h-06EFh -ASFR14=0700h-076Fh -ASFR15=0780h-07EFh \
  -ASFR16=0800h-086Fh -ASFR17=0880h-08EFh -ASFR18=0900h-096Fh \
  -ASFR19=0980h-09EFh -ASFR20=0A00h-0A6Fh -ASFR21=0A80h-0AEFh \
  -ASFR22=0B00h-0B6Fh -ASFR23=0B80h-0BEFh -ASFR24=0C00h-0C6Fh \
  -ASFR25=0C80h-0CEFh -ASFR26=0D00h-0D6Fh -ASFR27=0D80h-0DEFh \
  -ASFR28=0E00h-0E6Fh -ASFR29=0E80h-0EEFh -ASFR30=0F00h-0F6Fh \
  -ASFR31=0F80h-0FEFh -ACONFIG=08007h-08008h -DCONFIG=2 \
  -AIDLOC=08000h-08003h -DIDLOC=2 -AEEDATA=00h-0FFh/0F000h \
  -peeprom_data=EEDATA -DEEDATA=2 -DCODE=2 -DSTRCODE=2 -DSTRING=2 -DCONST=2 \
  -DENTRY=2 -preset_vec=00h,intentry,init,end_init -ppowerup=CODE \
  -pcinit=CODE -pfunctab=ENTRY -k \
  C:\Users\DELL\AppData\Local\Temp\xcAs1m4.o \
  dist/default/production\16F1829.X.production.o 

Object code version is 3.11

Machine type is 16F1829



                Name                               Link     Load   Length Selector   Space Scale
C:\Users\DELL\AppData\Local\Temp\xcAs1m4.o
                end_init                              2        2        2        0       0
                reset_vec                             0        0        2        0       0
                config                             8007     8007        2        0       4
                idloc                              8000     8000        4        0       5
dist/default/production\16F1829.X.production.o
                cinit                               7EB      7EB       15      FD6       0
                config                             8007     8007        2        0       4
                idloc                              8000     8000        4        0       5
                text35                              536      536       17      A6C       0
                text34                              42D      42D        F      85A       0
                text33                              3D3      3D3        5      7A6       0
                text32                              3F1      3F1        8      7E2       0
                text31                              43C      43C       10      878       0
                text30                              3D8      3D8        6      7B0       0
                text29                              3DE      3DE        6      7BC       0
                text28                              3E4      3E4        6      7C8       0
                text27                              5B5      5B5       21      B6A       0
                text26                              3EA      3EA        7      7D4       0
                text25                              57B      57B       1B      AF6       0
                text24                              401      401        A      802       0
                text23                              40B      40B        A      816       0
                text22                              41F      41F        E      83E       0
                text21                              3F9      3F9        8      7F2       0
                text20                              415      415        A      82A       0
                text19                              3CF      3CF        4      79E       0
                text18                              5D6      5D6       22      BAC       0
                text17                              54D      54D       17      A9A       0
                text16                              564      564       17      AC8       0
                text15                              4AA      4AA       14      954       0
                text14                              4BE      4BE       14      97C       0
                text13                              44C      44C       12      898       0
                text12                              4D2      4D2       14      9A4       0
                text11                              4E6      4E6       14      9CC       0
                text10                              61D      61D       60      C3A       0
                text9                               596      596       1F      B2C       0
                text8                               5F8      5F8       25      BF0       0
                text7                               45E      45E       13      8BC       0
                text6                               471      471       13      8E2       0
                text5                               4FA      4FA       14      9F4       0
                text4                               484      484       13      908       0
                text3                               497      497       13      92E       0
                text2                               50E      50E       14      A1C       0
                text1                               522      522       14      A44       0
                maintext                            67D      67D      16E      CFA       0
                cstackBANK0                          20       20       12       20       1
                cstackCOMMON                         70       70        C       70       1
                dataBANK0                            41       41        2       20       1
                bssBANK0                             32       32        9       20       1
                bssCOMMON                            7D       7D        1       70       1
                nvBANK0                              3B       3B        6       20       1
                nvCOMMON                             7C       7C        1       70       1
                idataBANK0                          3CD      3CD        2      79A       0

TOTAL           Name                               Link     Load   Length     Space
        CLASS   CODE           
                end_init                              2        2        2         0
                cinit                               7EB      7EB       15         0
                reset_vec                             0        0        2         0
                text35                              536      536       17         0
                text34                              42D      42D        F         0
                text33                              3D3      3D3        5         0
                text32                              3F1      3F1        8         0
                text31                              43C      43C       10         0
                text30                              3D8      3D8        6         0
                text29                              3DE      3DE        6         0
                text28                              3E4      3E4        6         0
                text27                              5B5      5B5       21         0
                text26                              3EA      3EA        7         0
                text25                              57B      57B       1B         0
                text24                              401      401        A         0
                text23                              40B      40B        A         0
                text22                              41F      41F        E         0
                text21                              3F9      3F9        8         0
                text20                              415      415        A         0
                text19                              3CF      3CF        4         0
                text18                              5D6      5D6       22         0
                text17                              54D      54D       17         0
                text16                              564      564       17         0
                text15                              4AA      4AA       14         0
                text14                              4BE      4BE       14         0
                text13                              44C      44C       12         0
                text12                              4D2      4D2       14         0
                text11                              4E6      4E6       14         0
                text10                              61D      61D       60         0
                text9                               596      596       1F         0
                text8                               5F8      5F8       25         0
                text7                               45E      45E       13         0
                text6                               471      471       13         0
                text5                               4FA      4FA       14         0
                text4                               484      484       13         0
                text3                               497      497       13         0
                text2                               50E      50E       14         0
                text1                               522      522       14         0
                maintext                            67D      67D      16E         0
                idataBANK0                          3CD      3CD        2         0

        CLASS   STRCODE        

        CLASS   STRING         

        CLASS   CONST          

        CLASS   ENTRY          

        CLASS   COMMON         
                cstackCOMMON                         70       70        C         1
                bssCOMMON                            7D       7D        1         1
                nvCOMMON                             7C       7C        1         1

        CLASS   BANK0          
                cstackBANK0                          20       20       12         1
                dataBANK0                            41       41        2         1
                bssBANK0                             32       32        9         1
                nvBANK0                              3B       3B        6         1

        CLASS   BANK1          

        CLASS   BANK2          

        CLASS   BANK3          

        CLASS   BANK4          

        CLASS   BANK5          

        CLASS   BANK6          

        CLASS   BANK7          

        CLASS   BANK8          

        CLASS   BANK9          

        CLASS   BANK10         

        CLASS   BANK11         

        CLASS   BANK12         

        CLASS   BIGRAM         

        CLASS   RAM            

        CLASS   ABS1           
                abs_s1                               7E       7E        2         1

        CLASS   SFR0           

        CLASS   SFR1           

        CLASS   SFR2           

        CLASS   SFR3           

        CLASS   SFR4           

        CLASS   SFR5           

        CLASS   SFR6           

        CLASS   SFR7           

        CLASS   SFR8           

        CLASS   SFR9           

        CLASS   SFR10          

        CLASS   SFR11          

        CLASS   SFR12          

        CLASS   SFR13          

        CLASS   SFR14          

        CLASS   SFR15          

        CLASS   SFR16          

        CLASS   SFR17          

        CLASS   SFR18          

        CLASS   SFR19          

        CLASS   SFR20          

        CLASS   SFR21          

        CLASS   SFR22          

        CLASS   SFR23          

        CLASS   SFR24          

        CLASS   SFR25          

        CLASS   SFR26          

        CLASS   SFR27          

        CLASS   SFR28          

        CLASS   SFR29          

        CLASS   SFR30          

        CLASS   SFR31          

        CLASS   CONFIG         
                config                             8007     8007        2         4

        CLASS   IDLOC          
                idloc                              8000     8000        4         5

        CLASS   EEDATA         

        CLASS   BANK31         

        CLASS   BANK30         

        CLASS   BANK29         

        CLASS   BANK28         

        CLASS   BANK27         

        CLASS   BANK26         

        CLASS   BANK25         

        CLASS   BANK24         

        CLASS   BANK23         

        CLASS   BANK22         

        CLASS   BANK21         

        CLASS   BANK20         

        CLASS   BANK19         

        CLASS   BANK18         

        CLASS   BANK17         

        CLASS   BANK16         

        CLASS   BANK15         

        CLASS   BANK14         

        CLASS   BANK13         

        CLASS   HEAP           

        CLASS   STACK          



SEGMENTS        Name                           Load    Length   Top    Selector   Space  Class     Delta

                reset_vec                      000000  000004  000004         0       0  CODE        2
                cstackBANK0                    000020  000023  000043        20       1  BANK0       1
                cstackCOMMON                   000070  00000E  00007E        70       1  COMMON      1
                idataBANK0                     0003CD  000002  0003CF       79A       0  CODE        2
                text19                         0003CF  000004  0003D3       79E       0  CODE        2
                text33                         0003D3  000005  0003D8       7A6       0  CODE        2
                text30                         0003D8  000006  0003DE       7B0       0  CODE        2
                text29                         0003DE  000006  0003E4       7BC       0  CODE        2
                text28                         0003E4  000006  0003EA       7C8       0  CODE        2
                text26                         0003EA  000007  0003F1       7D4       0  CODE        2
                text32                         0003F1  000008  0003F9       7E2       0  CODE        2
                text21                         0003F9  000008  000401       7F2       0  CODE        2
                text24                         000401  00000A  00040B       802       0  CODE        2
                text23                         00040B  00000A  000415       816       0  CODE        2
                text20                         000415  00000A  00041F       82A       0  CODE        2
                text22                         00041F  00000E  00042D       83E       0  CODE        2
                text34                         00042D  00000F  00043C       85A       0  CODE        2
                text31                         00043C  000010  00044C       878       0  CODE        2
                text13                         00044C  000012  00045E       898       0  CODE        2
                text7                          00045E  000013  000471       8BC       0  CODE        2
                text6                          000471  000013  000484       8E2       0  CODE        2
                text4                          000484  000013  000497       908       0  CODE        2
                text3                          000497  000013  0004AA       92E       0  CODE        2
                text15                         0004AA  000014  0004BE       954       0  CODE        2
                text14                         0004BE  000014  0004D2       97C       0  CODE        2
                text12                         0004D2  000014  0004E6       9A4       0  CODE        2
                text11                         0004E6  000014  0004FA       9CC       0  CODE        2
                text5                          0004FA  000014  00050E       9F4       0  CODE        2
                text2                          00050E  000014  000522       A1C       0  CODE        2
                text1                          000522  000014  000536       A44       0  CODE        2
                text35                         000536  000017  00054D       A6C       0  CODE        2
                text17                         00054D  000017  000564       A9A       0  CODE        2
                text16                         000564  000017  00057B       AC8       0  CODE        2
                text25                         00057B  00001B  000596       AF6       0  CODE        2
                text9                          000596  00001F  0005B5       B2C       0  CODE        2
                text27                         0005B5  000021  0005D6       B6A       0  CODE        2
                text18                         0005D6  000022  0005F8       BAC       0  CODE        2
                text8                          0005F8  000025  00061D       BF0       0  CODE        2
                text10                         00061D  000060  00067D       C3A       0  CODE        2
                maintext                       00067D  00016E  0007EB       CFA       0  CODE        2
                cinit                          0007EB  000015  000800       FD6       0  CODE        2


UNUSED ADDRESS RANGES

        Name                Unused          Largest block    Delta
        BANK0            00043-0006F              2D           1
        BANK1            000A0-000EF              50           1
        BANK10           00520-0056F              50           1
        BANK11           005A0-005EF              50           1
        BANK12           00620-0064F              30           1
        BANK2            00120-0016F              50           1
        BANK3            001A0-001EF              50           1
        BANK4            00220-0026F              50           1
        BANK5            002A0-002EF              50           1
        BANK6            00320-0036F              50           1
        BANK7            003A0-003EF              50           1
        BANK8            00420-0046F              50           1
        BANK9            004A0-004EF              50           1
        BIGRAM           02000-023EF             3F0           1
        CODE             00004-003CC             3C9           2
                         00800-01FFF             800
        CONST            00004-003CC             100           2
                         00800-01FFF             100
        EEDATA           0F000-0F0FF             100           2
        ENTRY            00004-003CC             100           2
                         00800-01FFF             100
        RAM              00043-0006F              2D           1
                         000A0-000EF              50
                         00120-0016F              50
                         001A0-001EF              50
                         00220-0026F              50
                         002A0-002EF              50
                         00320-0036F              50
                         003A0-003EF              50
                         00420-0046F              50
                         004A0-004EF              50
                         00520-0056F              50
                         005A0-005EF              50
                         00620-0064F              30
        SFR0             00000-0001F              20           1
        SFR1             00080-0009F              20           1
        SFR10            00500-0051F              20           1
        SFR11            00580-0059F              20           1
        SFR12            00600-0061F              20           1
        SFR13            00680-006EF              70           1
        SFR14            00700-0076F              70           1
        SFR15            00780-007EF              70           1
        SFR16            00800-0086F              70           1
        SFR17            00880-008EF              70           1
        SFR18            00900-0096F              70           1
        SFR19            00980-009EF              70           1
        SFR2             00100-0011F              20           1
        SFR20            00A00-00A6F              70           1
        SFR21            00A80-00AEF              70           1
        SFR22            00B00-00B6F              70           1
        SFR23            00B80-00BEF              70           1
        SFR24            00C00-00C6F              70           1
        SFR25            00C80-00CEF              70           1
        SFR26            00D00-00D6F              70           1
        SFR27            00D80-00DEF              70           1
        SFR28            00E00-00E6F              70           1
        SFR29            00E80-00EEF              70           1
        SFR3             00180-0019F              20           1
        SFR30            00F00-00F6F              70           1
        SFR31            00F80-00FEF              70           1
        SFR4             00200-0021F              20           1
        SFR5             00280-0029F              20           1
        SFR6             00300-0031F              20           1
        SFR7             00380-0039F              20           1
        SFR8             00400-0041F              20           1
        SFR9             00480-0049F              20           1
        STRCODE          00004-003CC             3C9           2
                         00800-01FFF            1800
        STRING           00004-003CC             100           2
                         00800-01FFF             100

                                  Symbol Table

?___awdiv                                      cstackCOMMON 00076
?___wmul                                       cstackCOMMON 00070
?_map                                          cstackBANK0  00024
EPWM1_LoadDutyValue@dutyValue                  cstackCOMMON 00070
EUSART_SetErrorHandler@interruptHandler        cstackCOMMON 00070
EUSART_SetFramingErrorHandler@interruptHandler cstackCOMMON 00070
EUSART_SetOverrunErrorHandler@interruptHandler cstackCOMMON 00070
PWM3_LoadDutyValue@dutyValue                   cstackCOMMON 00070
PWM4_LoadDutyValue@dutyValue                   cstackCOMMON 00070
_ADCON0                                        (abs)        0009D
_ADCON0bits                                    (abs)        0009D
_ADCON1                                        (abs)        0009E
_ADC_Initialize                                text32       003F1
_ADRESH                                        (abs)        0009C
_ADRESL                                        (abs)        0009B
_ANSELA                                        (abs)        0018C
_ANSELB                                        (abs)        0018D
_ANSELC                                        (abs)        0018E
_APFCON0                                       (abs)        0011D
_APFCON1                                       (abs)        0011E
_BAUDCON                                       (abs)        0019F
_BORCON                                        (abs)        00116
_CCP1CON                                       (abs)        00293
_CCP3CON                                       (abs)        00313
_CCP4CON                                       (abs)        0031A
_CCPR1H                                        (abs)        00292
_CCPR1L                                        (abs)        00291
_CCPR3H                                        (abs)        00312
_CCPR3L                                        (abs)        00311
_CCPR4H                                        (abs)        00319
_CCPR4L                                        (abs)        00318
_CCPTMRSbits                                   (abs)        0029E
_ECCP1AS                                       (abs)        00295
_EPWM1_Initialize                              text31       0043C
_EPWM1_LoadDutyValue                           text35       00536
_EUSART_DefaultErrorHandler                    (abs)        00000
_EUSART_DefaultFramingErrorHandler             (abs)        00000
_EUSART_DefaultOverrunErrorHandler             (abs)        00000
_EUSART_ErrorHandler                           nvBANK0      0003B
_EUSART_FramingErrorHandler                    nvBANK0      0003F
_EUSART_Initialize                             text27       005B5
_EUSART_OverrunErrorHandler                    nvBANK0      0003D
_EUSART_Read                                   text34       0042D
_EUSART_SetErrorHandler                        text30       003D8
_EUSART_SetFramingErrorHandler                 text29       003DE
_EUSART_SetOverrunErrorHandler                 text28       003E4
_EUSART_is_rx_ready                            text33       003D3
_INTCONbits                                    (abs)        0000B
_LATA                                          (abs)        0010C
_LATB                                          (abs)        0010D
_LATC                                          (abs)        0010E
_LATCbits                                      (abs)        0010E
_OPTION_REG                                    (abs)        00095
_OPTION_REGbits                                (abs)        00095
_OSCCON                                        (abs)        00099
_OSCILLATOR_Initialize                         text26       003EA
_OSCTUNE                                       (abs)        00098
_PIN_MANAGER_Initialize                        text25       0057B
_PIR1bits                                      (abs)        00011
_PIR3bits                                      (abs)        00013
_PORTBbits                                     (abs)        0000D
_PORTCbits                                     (abs)        0000E
_PR2                                           (abs)        0001B
_PR4                                           (abs)        00416
_PSTR1CON                                      (abs)        00296
_PWM1CON                                       (abs)        00294
_PWM3_Initialize                               text24       00401
_PWM3_LoadDutyValue                            text17       0054D
_PWM4_Initialize                               text23       0040B
_PWM4_LoadDutyValue                            text16       00564
_RCREG                                         (abs)        00199
_RCSTA                                         (abs)        0019D
_RCSTAbits                                     (abs)        0019D
_SPBRGH                                        (abs)        0019C
_SPBRGL                                        (abs)        0019B
_SYSTEM_Initialize                             text18       005D6
_T2CON                                         (abs)        0001C
_T2CONbits                                     (abs)        0001C
_T4CON                                         (abs)        00417
_T4CONbits                                     (abs)        00417
_TMR0                                          (abs)        00015
_TMR0_Initialize                               text22       0041F
_TMR2                                          (abs)        0001A
_TMR2_Initialize                               text21       003F9
_TMR4                                          (abs)        00415
_TMR4_Initialize                               text20       00415
_TRISA                                         (abs)        0008C
_TRISB                                         (abs)        0008D
_TRISC                                         (abs)        0008E
_TXREG                                         (abs)        0019A
_TXSTA                                         (abs)        0019E
_TXSTAbits                                     (abs)        0019E
_WDTCON                                        (abs)        00097
_WDT_Initialize                                text19       003CF
_WPUA                                          (abs)        0020C
_WPUB                                          (abs)        0020D
_WPUC                                          (abs)        0020E
__Habs1                                        abs1         00000
__Hbank0                                       bank0        00000
__Hbank1                                       bank1        00000
__Hbank10                                      bank10       00000
__Hbank11                                      bank11       00000
__Hbank12                                      bank12       00000
__Hbank13                                      bank13       00000
__Hbank14                                      bank14       00000
__Hbank15                                      bank15       00000
__Hbank16                                      bank16       00000
__Hbank17                                      bank17       00000
__Hbank18                                      bank18       00000
__Hbank19                                      bank19       00000
__Hbank2                                       bank2        00000
__Hbank20                                      bank20       00000
__Hbank21                                      bank21       00000
__Hbank22                                      bank22       00000
__Hbank23                                      bank23       00000
__Hbank24                                      bank24       00000
__Hbank25                                      bank25       00000
__Hbank26                                      bank26       00000
__Hbank27                                      bank27       00000
__Hbank28                                      bank28       00000
__Hbank29                                      bank29       00000
__Hbank3                                       bank3        00000
__Hbank30                                      bank30       00000
__Hbank31                                      bank31       00000
__Hbank4                                       bank4        00000
__Hbank5                                       bank5        00000
__Hbank6                                       bank6        00000
__Hbank7                                       bank7        00000
__Hbank8                                       bank8        00000
__Hbank9                                       bank9        00000
__Hbigram                                      bigram       00000
__HbssBANK0                                    bssBANK0     00000
__HbssCOMMON                                   bssCOMMON    00000
__Hcinit                                       cinit        00800
__Hclrtext                                     clrtext      00000
__Hcode                                        code         00000
__Hcommon                                      common       00000
__Hconfig                                      config       08009
__HcstackBANK0                                 cstackBANK0  00000
__HcstackCOMMON                                cstackCOMMON 00000
__HdataBANK0                                   dataBANK0    00000
__Heeprom_data                                 eeprom_data  00000
__Hend_init                                    end_init     00004
__Hfunctab                                     functab      00000
__Hheap                                        heap         00000
__HidataBANK0                                  idataBANK0   00000
__Hidloc                                       idloc        08004
__Hinit                                        init         00002
__Hintentry                                    intentry     00002
__Hmaintext                                    maintext     00000
__HnvBANK0                                     nvBANK0      00000
__HnvCOMMON                                    nvCOMMON     00000
__Hpowerup                                     powerup      00000
__Hram                                         ram          00000
__Hreset_vec                                   reset_vec    00002
__Hsfr0                                        sfr0         00000
__Hsfr1                                        sfr1         00000
__Hsfr10                                       sfr10        00000
__Hsfr11                                       sfr11        00000
__Hsfr12                                       sfr12        00000
__Hsfr13                                       sfr13        00000
__Hsfr14                                       sfr14        00000
__Hsfr15                                       sfr15        00000
__Hsfr16                                       sfr16        00000
__Hsfr17                                       sfr17        00000
__Hsfr18                                       sfr18        00000
__Hsfr19                                       sfr19        00000
__Hsfr2                                        sfr2         00000
__Hsfr20                                       sfr20        00000
__Hsfr21                                       sfr21        00000
__Hsfr22                                       sfr22        00000
__Hsfr23                                       sfr23        00000
__Hsfr24                                       sfr24        00000
__Hsfr25                                       sfr25        00000
__Hsfr26                                       sfr26        00000
__Hsfr27                                       sfr27        00000
__Hsfr28                                       sfr28        00000
__Hsfr29                                       sfr29        00000
__Hsfr3                                        sfr3         00000
__Hsfr30                                       sfr30        00000
__Hsfr31                                       sfr31        00000
__Hsfr4                                        sfr4         00000
__Hsfr5                                        sfr5         00000
__Hsfr6                                        sfr6         00000
__Hsfr7                                        sfr7         00000
__Hsfr8                                        sfr8         00000
__Hsfr9                                        sfr9         00000
__Hspace_0                                     (abs)        00800
__Hspace_1                                     (abs)        0007E
__Hspace_2                                     (abs)        00000
__Hspace_3                                     (abs)        00000
__Hspace_4                                     (abs)        10010
__Hstack                                       stack        00000
__Hstrings                                     strings      00000
__Htext                                        text         00000
__Labs1                                        abs1         00000
__Lbank0                                       bank0        00000
__Lbank1                                       bank1        00000
__Lbank10                                      bank10       00000
__Lbank11                                      bank11       00000
__Lbank12                                      bank12       00000
__Lbank13                                      bank13       00000
__Lbank14                                      bank14       00000
__Lbank15                                      bank15       00000
__Lbank16                                      bank16       00000
__Lbank17                                      bank17       00000
__Lbank18                                      bank18       00000
__Lbank19                                      bank19       00000
__Lbank2                                       bank2        00000
__Lbank20                                      bank20       00000
__Lbank21                                      bank21       00000
__Lbank22                                      bank22       00000
__Lbank23                                      bank23       00000
__Lbank24                                      bank24       00000
__Lbank25                                      bank25       00000
__Lbank26                                      bank26       00000
__Lbank27                                      bank27       00000
__Lbank28                                      bank28       00000
__Lbank29                                      bank29       00000
__Lbank3                                       bank3        00000
__Lbank30                                      bank30       00000
__Lbank31                                      bank31       00000
__Lbank4                                       bank4        00000
__Lbank5                                       bank5        00000
__Lbank6                                       bank6        00000
__Lbank7                                       bank7        00000
__Lbank8                                       bank8        00000
__Lbank9                                       bank9        00000
__Lbigram                                      bigram       00000
__LbssBANK0                                    bssBANK0     00000
__LbssCOMMON                                   bssCOMMON    00000
__Lcinit                                       cinit        007EB
__Lclrtext                                     clrtext      00000
__Lcode                                        code         00000
__Lcommon                                      common       00000
__Lconfig                                      config       00000
__LcstackBANK0                                 cstackBANK0  00000
__LcstackCOMMON                                cstackCOMMON 00000
__LdataBANK0                                   dataBANK0    00000
__Leeprom_data                                 eeprom_data  00000
__Lend_init                                    end_init     00002
__Lfunctab                                     functab      00000
__Lheap                                        heap         00000
__LidataBANK0                                  idataBANK0   00000
__Lidloc                                       idloc        00000
__Linit                                        init         00002
__Lintentry                                    intentry     00002
__Lmaintext                                    maintext     00000
__LnvBANK0                                     nvBANK0      00000
__LnvCOMMON                                    nvCOMMON     00000
__Lpowerup                                     powerup      00000
__Lram                                         ram          00000
__Lreset_vec                                   reset_vec    00000
__Lsfr0                                        sfr0         00000
__Lsfr1                                        sfr1         00000
__Lsfr10                                       sfr10        00000
__Lsfr11                                       sfr11        00000
__Lsfr12                                       sfr12        00000
__Lsfr13                                       sfr13        00000
__Lsfr14                                       sfr14        00000
__Lsfr15                                       sfr15        00000
__Lsfr16                                       sfr16        00000
__Lsfr17                                       sfr17        00000
__Lsfr18                                       sfr18        00000
__Lsfr19                                       sfr19        00000
__Lsfr2                                        sfr2         00000
__Lsfr20                                       sfr20        00000
__Lsfr21                                       sfr21        00000
__Lsfr22                                       sfr22        00000
__Lsfr23                                       sfr23        00000
__Lsfr24                                       sfr24        00000
__Lsfr25                                       sfr25        00000
__Lsfr26                                       sfr26        00000
__Lsfr27                                       sfr27        00000
__Lsfr28                                       sfr28        00000
__Lsfr29                                       sfr29        00000
__Lsfr3                                        sfr3         00000
__Lsfr30                                       sfr30        00000
__Lsfr31                                       sfr31        00000
__Lsfr4                                        sfr4         00000
__Lsfr5                                        sfr5         00000
__Lsfr6                                        sfr6         00000
__Lsfr7                                        sfr7         00000
__Lsfr8                                        sfr8         00000
__Lsfr9                                        sfr9         00000
__Lspace_0                                     (abs)        00000
__Lspace_1                                     (abs)        00000
__Lspace_2                                     (abs)        00000
__Lspace_3                                     (abs)        00000
__Lspace_4                                     (abs)        00000
__Lstack                                       stack        00000
__Lstrings                                     strings      00000
__Ltext                                        text         00000
__S0                                           (abs)        00800
__S1                                           (abs)        0007E
__S3                                           (abs)        00000
___awdiv                                       text10       0061D
___awdiv@counter                               cstackBANK0  00020
___awdiv@dividend                              cstackCOMMON 00078
___awdiv@divisor                               cstackCOMMON 00076
___awdiv@quotient                              cstackBANK0  00022
___awdiv@sign                                  cstackBANK0  00021
___heap_hi                                     (abs)        00000
___heap_lo                                     (abs)        00000
___int_sp                                      stack        00000
___latbits                                     (abs)        00002
___sp                                          stack        00000
___stackhi                                     (abs)        00000
___stacklo                                     (abs)        00000
___wmul                                        text9        00596
___wmul@multiplicand                           cstackCOMMON 00072
___wmul@multiplier                             cstackCOMMON 00070
___wmul@product                                cstackCOMMON 00074
__end_of_ADC_Initialize                        text32       003F9
__end_of_EPWM1_Initialize                      text31       0044C
__end_of_EPWM1_LoadDutyValue                   text35       0054D
__end_of_EUSART_Initialize                     text27       005D6
__end_of_EUSART_Read                           text34       0043C
__end_of_EUSART_SetErrorHandler                text30       003DE
__end_of_EUSART_SetFramingErrorHandler         text29       003E4
__end_of_EUSART_SetOverrunErrorHandler         text28       003EA
__end_of_EUSART_is_rx_ready                    text33       003D8
__end_of_OSCILLATOR_Initialize                 text26       003F1
__end_of_PIN_MANAGER_Initialize                text25       00596
__end_of_PWM3_Initialize                       text24       0040B
__end_of_PWM3_LoadDutyValue                    text17       00564
__end_of_PWM4_Initialize                       text23       00415
__end_of_PWM4_LoadDutyValue                    text16       0057B
__end_of_SYSTEM_Initialize                     text18       005F8
__end_of_TMR0_Initialize                       text22       0042D
__end_of_TMR2_Initialize                       text21       00401
__end_of_TMR4_Initialize                       text20       0041F
__end_of_WDT_Initialize                        text19       003D3
__end_of___awdiv                               text10       0067D
__end_of___wmul                                text9        005B5
__end_of__initialization                       cinit        007FD
__end_of_di_thang                              text15       004BE
__end_of_di_thang_nhanh                        text14       004D2
__end_of_dung_lai                              text13       0045E
__end_of_lui                                   text12       004E6
__end_of_lui_nhanh                             text11       004FA
__end_of_main                                  maintext     007EB
__end_of_map                                   text8        0061D
__end_of_rephai                                text7        00471
__end_of_rephai2                               text6        00484
__end_of_rephainhanh                           text5        0050E
__end_of_retrai                                text4        00497
__end_of_retrai2                               text3        004AA
__end_of_retrai3                               text2        00522
__end_of_retrainhanh                           text1        00536
__initialization                               cinit        007EB
__pbssBANK0                                    bssBANK0     00032
__pbssCOMMON                                   bssCOMMON    0007D
__pcstackBANK0                                 cstackBANK0  00020
__pcstackCOMMON                                cstackCOMMON 00070
__pdataBANK0                                   dataBANK0    00041
__pidataBANK0                                  idataBANK0   003CD
__pmaintext                                    maintext     0067D
__pnvBANK0                                     nvBANK0      0003B
__pnvCOMMON                                    nvCOMMON     0007C
__ptext1                                       text1        00522
__ptext10                                      text10       0061D
__ptext11                                      text11       004E6
__ptext12                                      text12       004D2
__ptext13                                      text13       0044C
__ptext14                                      text14       004BE
__ptext15                                      text15       004AA
__ptext16                                      text16       00564
__ptext17                                      text17       0054D
__ptext18                                      text18       005D6
__ptext19                                      text19       003CF
__ptext2                                       text2        0050E
__ptext20                                      text20       00415
__ptext21                                      text21       003F9
__ptext22                                      text22       0041F
__ptext23                                      text23       0040B
__ptext24                                      text24       00401
__ptext25                                      text25       0057B
__ptext26                                      text26       003EA
__ptext27                                      text27       005B5
__ptext28                                      text28       003E4
__ptext29                                      text29       003DE
__ptext3                                       text3        00497
__ptext30                                      text30       003D8
__ptext31                                      text31       0043C
__ptext32                                      text32       003F1
__ptext33                                      text33       003D3
__ptext34                                      text34       0042D
__ptext35                                      text35       00536
__ptext4                                       text4        00484
__ptext5                                       text5        004FA
__ptext6                                       text6        00471
__ptext7                                       text7        0045E
__ptext8                                       text8        005F8
__ptext9                                       text9        00596
_a                                             bssBANK0     00036
_b                                             bssBANK0     00034
_di_thang                                      text15       004AA
_di_thang_nhanh                                text14       004BE
_dung_lai                                      text13       0044C
_eusartRxLastError                             bssCOMMON    0007D
_lui                                           text12       004D2
_lui_nhanh                                     text11       004E6
_main                                          maintext     0067D
_map                                           text8        005F8
_rephai                                        text7        0045E
_rephai2                                       text6        00471
_rephainhanh                                   text5        004FA
_retrai                                        text4        00484
_retrai2                                       text3        00497
_retrai3                                       text2        0050E
_retrainhanh                                   text1        00522
_state                                         bssBANK0     00032
_timer0ReloadVal                               nvCOMMON     0007C
_value                                         bssBANK0     0003A
btemp                                          (abs)        0007E
end_of_initialization                          cinit        007FD
intlevel0                                      functab      00000
intlevel1                                      functab      00000
intlevel2                                      functab      00000
intlevel3                                      functab      00000
intlevel4                                      functab      00000
intlevel5                                      functab      00000
main@mappedValue                               cstackBANK0  0002E
main@mappedValue2                              cstackBANK0  00030
map@inMax                                      cstackBANK0  00028
map@inputMin                                   cstackBANK0  00026
map@outMax                                     cstackBANK0  0002C
map@outMin                                     cstackBANK0  0002A
map@value                                      cstackBANK0  00024
reset_vec                                      reset_vec    00000
start                                          init         00002
start_initialization                           cinit        007EB
wtemp0                                         (abs)        0007E


MODULE INFORMATION

Module		Function		Class		Link	Load	Size
mcc_generated_files/tmr4.c
		_TMR4_Initialize		CODE           	0415	0000	10

mcc_generated_files/tmr4.c estimated size: 10

mcc_generated_files/pwm4.c
		_PWM4_Initialize		CODE           	040B	0000	10
		_PWM4_LoadDutyValue		CODE           	0564	0000	23

mcc_generated_files/pwm4.c estimated size: 33

mcc_generated_files/tmr2.c
		_TMR2_Initialize		CODE           	03F9	0000	8

mcc_generated_files/tmr2.c estimated size: 8

mcc_generated_files/tmr0.c
		_TMR0_Initialize		CODE           	041F	0000	14

mcc_generated_files/tmr0.c estimated size: 14

mcc_generated_files/pin_manager.c
		_PIN_MANAGER_Initialize		CODE           	057B	0000	27

mcc_generated_files/pin_manager.c estimated size: 27

mcc_generated_files/adc.c
		_ADC_Initialize		CODE           	03F1	0000	8

mcc_generated_files/adc.c estimated size: 8

C:\Program Files\Microchip\xc8\v2.36\pic\sources\c99\common\awdiv.c
		___awdiv       		CODE           	061D	0000	96

C:\Program Files\Microchip\xc8\v2.36\pic\sources\c99\common\awdiv.c estimated size: 96

shared
		__initialization		CODE           	07EB	0000	18

shared estimated size: 18

mcc_generated_files/mcc.c
		_WDT_Initialize		CODE           	03CF	0000	4
		_OSCILLATOR_Initialize		CODE           	03EA	0000	7
		_SYSTEM_Initialize		CODE           	05D6	0000	34

mcc_generated_files/mcc.c estimated size: 45

mcc_generated_files/pwm3.c
		_PWM3_Initialize		CODE           	0401	0000	10
		_PWM3_LoadDutyValue		CODE           	054D	0000	23

mcc_generated_files/pwm3.c estimated size: 33

mcc_generated_files/epwm1.c
		_EPWM1_LoadDutyValue		CODE           	0536	0000	23
		_EPWM1_Initialize		CODE           	043C	0000	16

mcc_generated_files/epwm1.c estimated size: 39

mcc_generated_files/eusart.c
		_EUSART_Read   		CODE           	042D	0000	15
		_EUSART_Initialize		CODE           	05B5	0000	33
		_EUSART_SetFramingErrorHandler		CODE           	03DE	0000	6
		_EUSART_SetErrorHandler		CODE           	03D8	0000	6
		_EUSART_SetOverrunErrorHandler		CODE           	03E4	0000	6
		_EUSART_is_rx_ready		CODE           	03D3	0000	5

mcc_generated_files/eusart.c estimated size: 71

main.c
		_rephai        		CODE           	045E	0000	19
		_retrai        		CODE           	0484	0000	19
		_map           		CODE           	05F8	0000	37
		_retrai3       		CODE           	050E	0000	20
		_lui           		CODE           	04D2	0000	20
		_main          		CODE           	067D	0000	366
		_di_thang      		CODE           	04AA	0000	20
		_rephai2       		CODE           	0471	0000	19
		_retrai2       		CODE           	0497	0000	19
		_dung_lai      		CODE           	044C	0000	18
		_di_thang_nhanh		CODE           	04BE	0000	20
		_rephainhanh   		CODE           	04FA	0000	20
		_retrainhanh   		CODE           	0522	0000	20
		_lui_nhanh     		CODE           	04E6	0000	20

main.c estimated size: 637

C:\Program Files\Microchip\xc8\v2.36\pic\sources\c99\common\Umul16.c
		___wmul        		CODE           	0596	0000	31

C:\Program Files\Microchip\xc8\v2.36\pic\sources\c99\common\Umul16.c estimated size: 31

