Microchip MPLAB XC8 Compiler V2.36

Linker command line:

-W-3 --edf=C:\Program Files\Microchip\xc8\v2.36\pic\dat\en_msgs.txt -cn \
  -h+dist/default/production\Assignment_7.2.X.production.sym \
  --cmf=dist/default/production\Assignment_7.2.X.production.cmf -z \
  -Q16F1509 -oC:\Users\DELL\AppData\Local\Temp\xcAsb8s.4 \
  --defsym=__MPLAB_BUILD=1 \
  -Mdist/default/production/Assignment_7.2.X.production.map \
  --md=C:\Users\DELL\AppData\Local\Temp\xcAsb8s.dat -E1 -ver=XC8 Compiler \
  --acfsm=1493 -ACODE=00h-07FFhx4 -ASTRCODE=00h-01FFFh -ASTRING=00h-0FFhx32 \
  -ACONST=00h-0FFhx32 -AENTRY=00h-0FFhx32 -ACOMMON=070h-07Fh \
  -ABANK0=020h-06Fh -ABANK1=0A0h-0EFh -ABANK2=0120h-016Fh \
  -ABANK3=01A0h-01EFh -ABANK4=0220h-026Fh -ABANK5=02A0h-02EFh \
  -ABANK6=0320h-032Fh -ABIGRAM=02000h-021EFh \
  -ARAM=020h-06Fh,0A0h-0EFh,0120h-016Fh,01A0h-01EFh,0220h-026Fh,02A0h-02EFh,0320h-032Fh \
  -AABS1=020h-07Fh,0A0h-0EFh,0120h-016Fh,01A0h-01EFh,0220h-026Fh,02A0h-02EFh,0320h-032Fh \
  -ASFR0=00h-01Fh -ASFR1=080h-09Fh -ASFR2=0100h-011Fh -ASFR3=0180h-019Fh \
  -ASFR4=0200h-021Fh -ASFR5=0280h-029Fh -ASFR6=0300h-031Fh \
  -ASFR7=0380h-03EFh -ASFR8=0400h-046Fh -ASFR9=0480h-04EFh \
  -ASFR10=0500h-056Fh -ASFR11=0580h-05EFh -ASFR12=0600h-066Fh \
  -ASFR13=0680h-06EFh -ASFR14=0700h-076Fh -ASFR15=0780h-07EFh \
  -ASFR16=0800h-086Fh -ASFR17=0880h-08EFh -ASFR18=0900h-096Fh \
  -ASFR19=0980h-09EFh -ASFR20=0A00h-0A6Fh -ASFR21=0A80h-0AEFh \
  -ASFR22=0B00h-0B6Fh -ASFR23=0B80h-0BEFh -ASFR24=0C00h-0C6Fh \
  -ASFR25=0C80h-0CEFh -ASFR26=0D00h-0D6Fh -ASFR27=0D80h-0DEFh \
  -ASFR28=0E00h-0E6Fh -ASFR29=0E80h-0EEFh -ASFR30=0F00h-0F6Fh \
  -ASFR31=0F80h-0FEFh -ACONFIG=08007h-08008h -DCONFIG=2 \
  -AIDLOC=08000h-08003h -DIDLOC=2 -DCODE=2 -DSTRCODE=2 -DSTRING=2 -DCONST=2 \
  -DENTRY=2 -preset_vec=00h,intentry,init,end_init -ppowerup=CODE \
  -pcinit=CODE -pfunctab=ENTRY -k \
  C:\Users\DELL\AppData\Local\Temp\xcAsb8s.o \
  dist/default/production\Assignment_7.2.X.production.o 

Object code version is 3.11

Machine type is 16F1509



                Name                               Link     Load   Length Selector   Space Scale
C:\Users\DELL\AppData\Local\Temp\xcAsb8s.o
                end_init                              2        2        2        0       0
                reset_vec                             0        0        2        0       0
                config                             8007     8007        2        0       4
                idloc                              8000     8000        4        0       5
dist/default/production\Assignment_7.2.X.production.o
                cinit                               7D9      7D9       27      FB2       0
                config                             8007     8007        2        0       4
                idloc                              8000     8000        4        0       5
                text38                             1E42     1E42       20     3C84       0
                text37                             1E04     1E04       1F     3C08       0
                text36                             1F30     1F30       2F     3E60       0
                text35                             1DE7     1DE7       1D     3BCE       0
                text34                             10DF     10DF       5A     21BE       0
                text33                             1DCE     1DCE       19     3B9C       0
                text32                             1195     1195       5E     232A       0
                text31                             1E62     1E62       20     3CC4       0
                text30                              836      836       AC     106C       0
                text29                             1E23     1E23       1F     3C46       0
                text28                             1D9E     1D9E       18     3B3C       0
                text27                             1EA2     1EA2       21     3D44       0
                text26                             135C     135C       94     26B8       0
                text25                             11F3     11F3       5F     23E6       0
                text24                             1FAD     1FAD       53     3F5A       0
                text23                             164C     164C      1B4     2C98       0
                text22                             1F5F     1F5F       4E     3EBE       0
                text21                             12D1     12D1       8B     25A2       0
                text20                             1EE4     1EE4       23     3DC8       0
                text19                              B21      B21      257     1642       0
                text18                             1D6C     1D6C        B     3AD8       0
                text17                              8E2      8E2      23F     11C4       0
                text16                             1E82     1E82       20     3D04       0
                text15                                8        8       74       10       0
                text14                             1252     1252       7F     24A4       0
                text13                             13F0     13F0       EB     27E0       0
                text12                                7        7        1        E       0
                text11                             1086     1086       59     210C       0
                text10                             1F07     1F07       29     3E0E       0
                text9                              1139     1139       5C     2272       0
                text8                              1EC3     1EC3       21     3D86       0
                text7                              1DB6     1DB6       18     3B6C       0
                text6                              1D87     1D87       17     3B0E       0
                text5                                7C       7C      75D       F8       0
                text4                              102E     102E       58     205C       0
                text3                               D78      D78      288     1AF0       0
                text2                               805      805       31     100A       0
                text1                              1002     1002       2C     2004       0
                maintext                           14DB     14DB      171     29B6       0
                cstackBANK0                          20       20       50       20       1
                cstackCOMMON                         70       70        E       70       1
                cstackBANK1                          A0       A0       4E       A0       1
                cstackBANK2                         120      120       43      120       1
                clrtext                            1D60     1D60        6     3AC0       0
                inittext                           1D66     1D66        6     3ACC       0
                bssBANK4                            220      220       50      220       1
                dataBANK3                           1A0      1A0       10      1A0       1
                bssBANK3                            1B0      1B0        4      1A0       1
                bssBANK2                            163      163        A      120       1
                bssBANK1                             EE       EE        2       A0       1
                stringtext9                        182E     182E        2     3000       0
                stringtext8                        182B     182B        3     3000       0
                stringtext7                        1827     1827        4     3000       0
                stringtext6                        1823     1823        4     3000       0
                stringtext5                        181F     181F        4     3000       0
                stringtext4                        181B     181B        4     3000       0
                stringtext3                        1815     1815        6     3000       0
                stringtext2                        180E     180E        7     3000       0
                stringtext1                        1800     1800        E     3000       0
                idataBANK3                         1D77     1D77       10     3AEE       0

TOTAL           Name                               Link     Load   Length     Space
        CLASS   CODE           
                end_init                              2        2        2         0
                cinit                               7D9      7D9       27         0
                reset_vec                             0        0        2         0
                text38                             1E42     1E42       20         0
                text37                             1E04     1E04       1F         0
                text36                             1F30     1F30       2F         0
                text35                             1DE7     1DE7       1D         0
                text34                             10DF     10DF       5A         0
                text33                             1DCE     1DCE       19         0
                text32                             1195     1195       5E         0
                text31                             1E62     1E62       20         0
                text30                              836      836       AC         0
                text29                             1E23     1E23       1F         0
                text28                             1D9E     1D9E       18         0
                text27                             1EA2     1EA2       21         0
                text26                             135C     135C       94         0
                text25                             11F3     11F3       5F         0
                text24                             1FAD     1FAD       53         0
                text23                             164C     164C      1B4         0
                text22                             1F5F     1F5F       4E         0
                text21                             12D1     12D1       8B         0
                text20                             1EE4     1EE4       23         0
                text19                              B21      B21      257         0
                text18                             1D6C     1D6C        B         0
                text17                              8E2      8E2      23F         0
                text16                             1E82     1E82       20         0
                text15                                8        8       74         0
                text14                             1252     1252       7F         0
                text13                             13F0     13F0       EB         0
                text12                                7        7        1         0
                text11                             1086     1086       59         0
                text10                             1F07     1F07       29         0
                text9                              1139     1139       5C         0
                text8                              1EC3     1EC3       21         0
                text7                              1DB6     1DB6       18         0
                text6                              1D87     1D87       17         0
                text5                                7C       7C      75D         0
                text4                              102E     102E       58         0
                text3                               D78      D78      288         0
                text2                               805      805       31         0
                text1                              1002     1002       2C         0
                maintext                           14DB     14DB      171         0
                clrtext                            1D60     1D60        6         0
                inittext                           1D66     1D66        6         0
                idataBANK3                         1D77     1D77       10         0

        CLASS   STRCODE        
                stringtext9                        182E     182E        2         0
                stringtext8                        182B     182B        3         0
                stringtext7                        1827     1827        4         0
                stringtext6                        1823     1823        4         0
                stringtext5                        181F     181F        4         0
                stringtext4                        181B     181B        4         0
                stringtext3                        1815     1815        6         0
                stringtext2                        180E     180E        7         0
                stringtext1                        1800     1800        E         0

        CLASS   STRING         

        CLASS   CONST          

        CLASS   ENTRY          

        CLASS   COMMON         
                cstackCOMMON                         70       70        E         1

        CLASS   BANK0          
                cstackBANK0                          20       20       50         1

        CLASS   BANK1          
                cstackBANK1                          A0       A0       4E         1
                bssBANK1                             EE       EE        2         1

        CLASS   BANK2          
                cstackBANK2                         120      120       43         1
                bssBANK2                            163      163        A         1

        CLASS   BANK3          
                dataBANK3                           1A0      1A0       10         1
                bssBANK3                            1B0      1B0        4         1

        CLASS   BANK4          
                bssBANK4                            220      220       50         1

        CLASS   BANK5          

        CLASS   BANK6          

        CLASS   BIGRAM         

        CLASS   RAM            

        CLASS   ABS1           
                abs_s1                               7E       7E        2         1

        CLASS   SFR0           

        CLASS   SFR1           

        CLASS   SFR2           

        CLASS   SFR3           

        CLASS   SFR4           

        CLASS   SFR5           

        CLASS   SFR6           

        CLASS   SFR7           

        CLASS   SFR8           

        CLASS   SFR9           

        CLASS   SFR10          

        CLASS   SFR11          

        CLASS   SFR12          

        CLASS   SFR13          

        CLASS   SFR14          

        CLASS   SFR15          

        CLASS   SFR16          

        CLASS   SFR17          

        CLASS   SFR18          

        CLASS   SFR19          

        CLASS   SFR20          

        CLASS   SFR21          

        CLASS   SFR22          

        CLASS   SFR23          

        CLASS   SFR24          

        CLASS   SFR25          

        CLASS   SFR26          

        CLASS   SFR27          

        CLASS   SFR28          

        CLASS   SFR29          

        CLASS   SFR30          

        CLASS   SFR31          

        CLASS   CONFIG         
                config                             8007     8007        2         4

        CLASS   IDLOC          
                idloc                              8000     8000        4         5

        CLASS   BANK31         

        CLASS   BANK30         

        CLASS   BANK29         

        CLASS   BANK28         

        CLASS   BANK27         

        CLASS   BANK26         

        CLASS   BANK25         

        CLASS   BANK24         

        CLASS   BANK23         

        CLASS   BANK22         

        CLASS   BANK21         

        CLASS   BANK20         

        CLASS   BANK19         

        CLASS   BANK18         

        CLASS   BANK17         

        CLASS   BANK16         

        CLASS   BANK15         

        CLASS   BANK14         

        CLASS   BANK13         

        CLASS   BANK12         

        CLASS   BANK11         

        CLASS   BANK10         

        CLASS   BANK9          

        CLASS   BANK8          

        CLASS   BANK7          

        CLASS   HEAP           

        CLASS   STACK          

        CLASS   EEDATA         



SEGMENTS        Name                           Load    Length   Top    Selector   Space  Class     Delta

                reset_vec                      000000  000004  000004         0       0  CODE        2
                text12                         000007  000001  000008         E       0  CODE        2
                text15                         000008  000074  00007C        10       0  CODE        2
                cstackBANK0                    000020  000050  000070        20       1  BANK0       1
                cstackCOMMON                   000070  00000E  00007E        70       1  COMMON      1
                cstackBANK1                    0000A0  000050  0000F0        A0       1  BANK1       1
                text5                          00007C  00075D  0007D9        F8       0  CODE        2
                cstackBANK2                    000120  00004D  00016D       120       1  BANK2       1
                dataBANK3                      0001A0  000014  0001B4       1A0       1  BANK3       1
                bssBANK4                       000220  000050  000270       220       1  BANK4       1
                cinit                          0007D9  000027  000800       FB2       0  CODE        2
                text2                          000805  000031  000836      100A       0  CODE        2
                text30                         000836  0000AC  0008E2      106C       0  CODE        2
                text17                         0008E2  00023F  000B21      11C4       0  CODE        2
                text19                         000B21  000257  000D78      1642       0  CODE        2
                text3                          000D78  000288  001000      1AF0       0  CODE        2
                text1                          001002  00002C  00102E      2004       0  CODE        2
                text4                          00102E  000058  001086      205C       0  CODE        2
                text11                         001086  000059  0010DF      210C       0  CODE        2
                text34                         0010DF  00005A  001139      21BE       0  CODE        2
                text9                          001139  00005C  001195      2272       0  CODE        2
                text32                         001195  00005E  0011F3      232A       0  CODE        2
                text25                         0011F3  00005F  001252      23E6       0  CODE        2
                text14                         001252  00007F  0012D1      24A4       0  CODE        2
                text21                         0012D1  00008B  00135C      25A2       0  CODE        2
                text26                         00135C  000094  0013F0      26B8       0  CODE        2
                text13                         0013F0  0000EB  0014DB      27E0       0  CODE        2
                maintext                       0014DB  000171  00164C      29B6       0  CODE        2
                text23                         00164C  0001B4  001800      2C98       0  CODE        2
                stringtext1                    001800  000030  001830      3000       0  STRCODE     2
                clrtext                        001D60  000006  001D66      3AC0       0  CODE        2
                inittext                       001D66  000006  001D6C      3ACC       0  CODE        2
                text18                         001D6C  00000B  001D77      3AD8       0  CODE        2
                idataBANK3                     001D77  000010  001D87      3AEE       0  CODE        2
                text6                          001D87  000017  001D9E      3B0E       0  CODE        2
                text28                         001D9E  000018  001DB6      3B3C       0  CODE        2
                text7                          001DB6  000018  001DCE      3B6C       0  CODE        2
                text33                         001DCE  000019  001DE7      3B9C       0  CODE        2
                text35                         001DE7  00001D  001E04      3BCE       0  CODE        2
                text37                         001E04  00001F  001E23      3C08       0  CODE        2
                text29                         001E23  00001F  001E42      3C46       0  CODE        2
                text38                         001E42  000020  001E62      3C84       0  CODE        2
                text31                         001E62  000020  001E82      3CC4       0  CODE        2
                text16                         001E82  000020  001EA2      3D04       0  CODE        2
                text27                         001EA2  000021  001EC3      3D44       0  CODE        2
                text8                          001EC3  000021  001EE4      3D86       0  CODE        2
                text20                         001EE4  000023  001F07      3DC8       0  CODE        2
                text10                         001F07  000029  001F30      3E0E       0  CODE        2
                text36                         001F30  00002F  001F5F      3E60       0  CODE        2
                text22                         001F5F  00004E  001FAD      3EBE       0  CODE        2
                text24                         001FAD  000053  002000      3F5A       0  CODE        2


UNUSED ADDRESS RANGES

        Name                Unused          Largest block    Delta
        BANK2            0016D-0016F               3           1
        BANK3            001B4-001EF              3C           1
        BANK5            002A0-002EF              50           1
        BANK6            00320-0032F              10           1
        BIGRAM           02000-021EF             1F0           1
        CODE             00004-00006               3           2
                         00800-00804               5
                         01000-01001               2
                         01830-01D5F             530
        CONST            00004-00006               3           2
                         00800-00804               5
                         01000-01001               2
                         01830-01D5F             100
        ENTRY            00004-00006               3           2
                         00800-00804               5
                         01000-01001               2
                         01830-01D5F             100
        RAM              0016D-0016F               3           1
                         001B4-001EF              3C
                         002A0-002EF              50
                         00320-0032F              10
        SFR0             00000-0001F              20           1
        SFR1             00080-0009F              20           1
        SFR10            00500-0056F              70           1
        SFR11            00580-005EF              70           1
        SFR12            00600-0066F              70           1
        SFR13            00680-006EF              70           1
        SFR14            00700-0076F              70           1
        SFR15            00780-007EF              70           1
        SFR16            00800-0086F              70           1
        SFR17            00880-008EF              70           1
        SFR18            00900-0096F              70           1
        SFR19            00980-009EF              70           1
        SFR2             00100-0011F              20           1
        SFR20            00A00-00A6F              70           1
        SFR21            00A80-00AEF              70           1
        SFR22            00B00-00B6F              70           1
        SFR23            00B80-00BEF              70           1
        SFR24            00C00-00C6F              70           1
        SFR25            00C80-00CEF              70           1
        SFR26            00D00-00D6F              70           1
        SFR27            00D80-00DEF              70           1
        SFR28            00E00-00E6F              70           1
        SFR29            00E80-00EEF              70           1
        SFR3             00180-0019F              20           1
        SFR30            00F00-00F6F              70           1
        SFR31            00F80-00FEF              70           1
        SFR4             00200-0021F              20           1
        SFR5             00280-0029F              20           1
        SFR6             00300-0031F              20           1
        SFR7             00380-003EF              70           1
        SFR8             00400-0046F              70           1
        SFR9             00480-004EF              70           1
        STRCODE          00004-00006               3           2
                         00800-00804               5
                         01000-01001               2
                         01830-01D5F             530
        STRING           00004-00006               3           2
                         00800-00804               5
                         01000-01001               2
                         01830-01D5F             100

                                  Symbol Table

?__Umul8_16              cstackCOMMON 00070
?___awdiv                cstackCOMMON 00070
?___awmod                cstackCOMMON 00070
?___fladd                cstackCOMMON 00070
?___fldiv                cstackBANK0  0003A
?___flmul                cstackBANK0  00020
?___flneg                cstackCOMMON 00070
?___flsub                cstackBANK0  0003A
?___fltol                cstackCOMMON 00070
?___fpclassifyf          cstackCOMMON 00070
?___wmul                 cstackCOMMON 00070
?___xxtofl               cstackCOMMON 00070
?_atoi                   cstackCOMMON 00076
?_efgtoa                 cstackBANK0  00068
?_floorf                 cstackBANK0  00054
?_isdigit                cstackCOMMON 00070
?_isspace                cstackCOMMON 00070
?_isupper                cstackCOMMON 00070
?_pad                    cstackBANK0  00024
?_sprintf                cstackBANK2  00120
?_strlen                 cstackCOMMON 00070
?_strncmp                cstackCOMMON 00070
?_tolower                cstackCOMMON 00076
?_vfpfcnvrt              cstackBANK1  000D3
?_vfprintf               cstackBANK1  000E5
LCDGoto@ln               cstackCOMMON 00077
LCDGoto@pos              cstackCOMMON 00079
LCDGoto@x                cstackCOMMON 0007D
LCDGoto@y                cstackCOMMON 0007C
LCDPutChar@ch            cstackCOMMON 00076
LCDPutCmd@ch             cstackCOMMON 00076
LCDPutStr2@h             cstackBANK0  00022
LCDPutStr2@i             cstackBANK0  00024
LCDPutStr2@ln            cstackCOMMON 0007A
LCDPutStr2@pos           cstackCOMMON 00079
LCDPutStr2@str           cstackCOMMON 00077
LCDPutStr2@x             cstackBANK0  00025
LCDPutStr2@y             cstackBANK0  00023
LCDPutStr3@i             cstackBANK0  00024
LCDPutStr3@ln            cstackCOMMON 00079
LCDPutStr3@str           cstackCOMMON 00077
LCDPutStr3@x             cstackBANK0  00022
LCDPutStr3@y             cstackBANK0  00023
LCDWriteNibble@ch        cstackCOMMON 00073
LCDWriteNibble@rs        cstackCOMMON 00070
_ADCON0                  (abs)        0009D
_ADCON0bits              (abs)        0009D
_ADCON1                  (abs)        0009E
_ADCON2                  (abs)        0009F
_ADRESH                  (abs)        0009C
_ADRESL                  (abs)        0009B
_ANSELAbits              (abs)        0018C
_LCDGoto                 text36       01F30
_LCDGoto$285             cstackCOMMON 0007A
_LCDPutChar              text35       01DE7
_LCDPutCmd               text37       01E04
_LCDPutStr2              text34       010DF
_LCDPutStr2$270          cstackBANK0  00020
_LCDPutStr3              text32       01195
_LCDPutStr3$278          cstackBANK0  00020
_LCDWriteNibble          text38       01E42
_LCD_Initialize          text31       01E62
_OPTION_REGbits          (abs)        00095
_PORTC                   (abs)        0000E
_PORTCbits               (abs)        0000E
_TRISAbits               (abs)        0008C
_TRISC                   (abs)        0008E
__Habs1                  abs1         00000
__Hbank0                 bank0        00000
__Hbank1                 bank1        00000
__Hbank10                bank10       00000
__Hbank11                bank11       00000
__Hbank12                bank12       00000
__Hbank13                bank13       00000
__Hbank14                bank14       00000
__Hbank15                bank15       00000
__Hbank16                bank16       00000
__Hbank17                bank17       00000
__Hbank18                bank18       00000
__Hbank19                bank19       00000
__Hbank2                 bank2        00000
__Hbank20                bank20       00000
__Hbank21                bank21       00000
__Hbank22                bank22       00000
__Hbank23                bank23       00000
__Hbank24                bank24       00000
__Hbank25                bank25       00000
__Hbank26                bank26       00000
__Hbank27                bank27       00000
__Hbank28                bank28       00000
__Hbank29                bank29       00000
__Hbank3                 bank3        00000
__Hbank30                bank30       00000
__Hbank31                bank31       00000
__Hbank4                 bank4        00000
__Hbank5                 bank5        00000
__Hbank6                 bank6        00000
__Hbank7                 bank7        00000
__Hbank8                 bank8        00000
__Hbank9                 bank9        00000
__Hbigram                bigram       00000
__HbssBANK1              bssBANK1     00000
__HbssBANK2              bssBANK2     00000
__HbssBANK3              bssBANK3     00000
__HbssBANK4              bssBANK4     00000
__Hcinit                 cinit        00800
__Hclrtext               clrtext      00000
__Hcode                  code         00000
__Hcommon                common       00000
__Hconfig                config       08009
__HcstackBANK0           cstackBANK0  00000
__HcstackBANK1           cstackBANK1  00000
__HcstackBANK2           cstackBANK2  00000
__HcstackCOMMON          cstackCOMMON 00000
__HdataBANK3             dataBANK3    00000
__Heeprom_data           eeprom_data  00000
__Hend_init              end_init     00004
__Hfunctab               functab      00000
__Hheap                  heap         00000
__HidataBANK3            idataBANK3   00000
__Hidloc                 idloc        08004
__Hinit                  init         00002
__Hinittext              inittext     00000
__Hintentry              intentry     00002
__Hmaintext              maintext     00000
__Hpowerup               powerup      00000
__Hram                   ram          00000
__Hreset_vec             reset_vec    00002
__Hsfr0                  sfr0         00000
__Hsfr1                  sfr1         00000
__Hsfr10                 sfr10        00000
__Hsfr11                 sfr11        00000
__Hsfr12                 sfr12        00000
__Hsfr13                 sfr13        00000
__Hsfr14                 sfr14        00000
__Hsfr15                 sfr15        00000
__Hsfr16                 sfr16        00000
__Hsfr17                 sfr17        00000
__Hsfr18                 sfr18        00000
__Hsfr19                 sfr19        00000
__Hsfr2                  sfr2         00000
__Hsfr20                 sfr20        00000
__Hsfr21                 sfr21        00000
__Hsfr22                 sfr22        00000
__Hsfr23                 sfr23        00000
__Hsfr24                 sfr24        00000
__Hsfr25                 sfr25        00000
__Hsfr26                 sfr26        00000
__Hsfr27                 sfr27        00000
__Hsfr28                 sfr28        00000
__Hsfr29                 sfr29        00000
__Hsfr3                  sfr3         00000
__Hsfr30                 sfr30        00000
__Hsfr31                 sfr31        00000
__Hsfr4                  sfr4         00000
__Hsfr5                  sfr5         00000
__Hsfr6                  sfr6         00000
__Hsfr7                  sfr7         00000
__Hsfr8                  sfr8         00000
__Hsfr9                  sfr9         00000
__Hspace_0               (abs)        02000
__Hspace_1               (abs)        00270
__Hspace_2               (abs)        00000
__Hspace_3               (abs)        00000
__Hspace_4               (abs)        10010
__Hstack                 stack        00000
__Hstrings               strings      00000
__Hstringtext1           stringtext1  00000
__Hstringtext10          stringtext10 00000
__Hstringtext2           stringtext2  00000
__Hstringtext3           stringtext3  00000
__Hstringtext4           stringtext4  00000
__Hstringtext5           stringtext5  00000
__Hstringtext6           stringtext6  00000
__Hstringtext7           stringtext7  00000
__Hstringtext8           stringtext8  00000
__Hstringtext9           stringtext9  00000
__Htext                  text         00000
__Labs1                  abs1         00000
__Lbank0                 bank0        00000
__Lbank1                 bank1        00000
__Lbank10                bank10       00000
__Lbank11                bank11       00000
__Lbank12                bank12       00000
__Lbank13                bank13       00000
__Lbank14                bank14       00000
__Lbank15                bank15       00000
__Lbank16                bank16       00000
__Lbank17                bank17       00000
__Lbank18                bank18       00000
__Lbank19                bank19       00000
__Lbank2                 bank2        00000
__Lbank20                bank20       00000
__Lbank21                bank21       00000
__Lbank22                bank22       00000
__Lbank23                bank23       00000
__Lbank24                bank24       00000
__Lbank25                bank25       00000
__Lbank26                bank26       00000
__Lbank27                bank27       00000
__Lbank28                bank28       00000
__Lbank29                bank29       00000
__Lbank3                 bank3        00000
__Lbank30                bank30       00000
__Lbank31                bank31       00000
__Lbank4                 bank4        00000
__Lbank5                 bank5        00000
__Lbank6                 bank6        00000
__Lbank7                 bank7        00000
__Lbank8                 bank8        00000
__Lbank9                 bank9        00000
__Lbigram                bigram       00000
__LbssBANK1              bssBANK1     00000
__LbssBANK2              bssBANK2     00000
__LbssBANK3              bssBANK3     00000
__LbssBANK4              bssBANK4     00000
__Lcinit                 cinit        007D9
__Lclrtext               clrtext      00000
__Lcode                  code         00000
__Lcommon                common       00000
__Lconfig                config       00000
__LcstackBANK0           cstackBANK0  00000
__LcstackBANK1           cstackBANK1  00000
__LcstackBANK2           cstackBANK2  00000
__LcstackCOMMON          cstackCOMMON 00000
__LdataBANK3             dataBANK3    00000
__Leeprom_data           eeprom_data  00000
__Lend_init              end_init     00002
__Lfunctab               functab      00000
__Lheap                  heap         00000
__LidataBANK3            idataBANK3   00000
__Lidloc                 idloc        00000
__Linit                  init         00002
__Linittext              inittext     00000
__Lintentry              intentry     00002
__Lmaintext              maintext     00000
__Lpowerup               powerup      00000
__Lram                   ram          00000
__Lreset_vec             reset_vec    00000
__Lsfr0                  sfr0         00000
__Lsfr1                  sfr1         00000
__Lsfr10                 sfr10        00000
__Lsfr11                 sfr11        00000
__Lsfr12                 sfr12        00000
__Lsfr13                 sfr13        00000
__Lsfr14                 sfr14        00000
__Lsfr15                 sfr15        00000
__Lsfr16                 sfr16        00000
__Lsfr17                 sfr17        00000
__Lsfr18                 sfr18        00000
__Lsfr19                 sfr19        00000
__Lsfr2                  sfr2         00000
__Lsfr20                 sfr20        00000
__Lsfr21                 sfr21        00000
__Lsfr22                 sfr22        00000
__Lsfr23                 sfr23        00000
__Lsfr24                 sfr24        00000
__Lsfr25                 sfr25        00000
__Lsfr26                 sfr26        00000
__Lsfr27                 sfr27        00000
__Lsfr28                 sfr28        00000
__Lsfr29                 sfr29        00000
__Lsfr3                  sfr3         00000
__Lsfr30                 sfr30        00000
__Lsfr31                 sfr31        00000
__Lsfr4                  sfr4         00000
__Lsfr5                  sfr5         00000
__Lsfr6                  sfr6         00000
__Lsfr7                  sfr7         00000
__Lsfr8                  sfr8         00000
__Lsfr9                  sfr9         00000
__Lspace_0               (abs)        00000
__Lspace_1               (abs)        00000
__Lspace_2               (abs)        00000
__Lspace_3               (abs)        00000
__Lspace_4               (abs)        00000
__Lstack                 stack        00000
__Lstrings               strings      00000
__Lstringtext1           stringtext1  00000
__Lstringtext10          stringtext10 00000
__Lstringtext2           stringtext2  00000
__Lstringtext3           stringtext3  00000
__Lstringtext4           stringtext4  00000
__Lstringtext5           stringtext5  00000
__Lstringtext6           stringtext6  00000
__Lstringtext7           stringtext7  00000
__Lstringtext8           stringtext8  00000
__Lstringtext9           stringtext9  00000
__Ltext                  text         00000
__S0                     (abs)        02000
__S1                     (abs)        00270
__Umul8_16               text20       01EE4
__Umul8_16@multiplicand  cstackCOMMON 00070
__Umul8_16@multiplier    cstackCOMMON 00078
__Umul8_16@product       cstackCOMMON 00074
__Umul8_16@word_mpld     cstackCOMMON 00076
___awdiv                 text25       011F3
___awdiv@counter         cstackCOMMON 00075
___awdiv@dividend        cstackCOMMON 00072
___awdiv@divisor         cstackCOMMON 00070
___awdiv@quotient        cstackCOMMON 00077
___awdiv@sign            cstackCOMMON 00076
___awmod                 text24       01FAD
___awmod@counter         cstackCOMMON 00075
___awmod@dividend        cstackCOMMON 00072
___awmod@divisor         cstackCOMMON 00070
___awmod@sign            cstackCOMMON 00076
___fladd                 text17       008E2
___fladd@a               cstackCOMMON 00074
___fladd@aexp            cstackCOMMON 00079
___fladd@b               cstackCOMMON 00070
___fladd@bexp            cstackCOMMON 0007A
___fladd@grs             cstackCOMMON 0007B
___fladd@signs           cstackCOMMON 00078
___fldiv                 text23       0164C
___fldiv@a               cstackBANK0  0003A
___fldiv@aexp            cstackBANK0  00053
___fldiv@b               cstackBANK0  0003E
___fldiv@bexp            cstackBANK0  00052
___fldiv@grs             cstackBANK0  0004E
___fldiv@new_exp         cstackBANK0  0004C
___fldiv@rem             cstackBANK0  00047
___fldiv@sign            cstackBANK0  0004B
___fleq                  text22       01F5F
___fleq@ff1              cstackCOMMON 00070
___fleq@ff2              cstackCOMMON 00074
___flge                  text21       012D1
___flge@ff1              cstackBANK0  0003A
___flge@ff2              cstackBANK0  0003E
___flmul                 text19       00B21
___flmul@a               cstackBANK0  00024
___flmul@aexp            cstackBANK0  00032
___flmul@b               cstackBANK0  00020
___flmul@bexp            cstackBANK0  00033
___flmul@grs             cstackBANK0  0002E
___flmul@prod            cstackBANK0  00034
___flmul@sign            cstackBANK0  0002D
___flmul@temp            cstackBANK0  00038
___flneg                 text18       01D6C
___flneg@f1              cstackCOMMON 00070
___flsub                 text16       01E82
___flsub@a               cstackBANK0  0003A
___flsub@b               cstackBANK0  0003E
___fltol                 text15       00008
___fltol@exp1            cstackCOMMON 0007A
___fltol@f1              cstackCOMMON 00070
___fltol@sign1           cstackCOMMON 00079
___fpclassifyf           text14       01252
___fpclassifyf@F465      bssBANK2     00163
___fpclassifyf@e         cstackBANK0  00020
___fpclassifyf@u         cstackBANK0  00022
___fpclassifyf@x         cstackCOMMON 00070
___heap_hi               (abs)        00000
___heap_lo               (abs)        00000
___int_sp                stack        00000
___latbits               (abs)        00002
___sp                    stack        00000
___stackhi               (abs)        00000
___stacklo               (abs)        00000
___wmul                  text29       01E23
___wmul@multiplicand     cstackCOMMON 00072
___wmul@multiplier       cstackCOMMON 00070
___wmul@product          cstackCOMMON 00074
___xxtofl                text30       00836
___xxtofl@arg            cstackCOMMON 0007A
___xxtofl@exp            cstackCOMMON 00079
___xxtofl@sign           cstackCOMMON 00078
___xxtofl@val            cstackCOMMON 00070
__end_of_LCDGoto         text36       01F5F
__end_of_LCDPutChar      text35       01E04
__end_of_LCDPutCmd       text37       01E23
__end_of_LCDPutStr2      text34       01139
__end_of_LCDPutStr3      text32       011F3
__end_of_LCDWriteNibble  text38       01E62
__end_of_LCD_Initialize  text31       01E82
__end_of__Umul8_16       text20       01F07
__end_of___awdiv         text25       01252
__end_of___awmod         text24       02000
__end_of___fladd         text17       00B21
__end_of___fldiv         text23       01800
__end_of___fleq          text22       01FAD
__end_of___flge          text21       0135C
__end_of___flmul         text19       00D78
__end_of___flneg         text18       01D77
__end_of___flsub         text16       01EA2
__end_of___fltol         text15       0007C
__end_of___fpclassifyf   text14       012D1
__end_of___wmul          text29       01E42
__end_of___xxtofl        text30       008E2
__end_of__initialization cinit        007FD
__end_of_atoi            text26       013F0
__end_of_efgtoa          text5        007D9
__end_of_floorf          text13       014DB
__end_of_fputc           text11       010DF
__end_of_fputs           text10       01F30
__end_of_isdigit         text28       01DB6
__end_of_isspace         text27       01EC3
__end_of_isupper         text7        01DCE
__end_of_main            maintext     0164C
__end_of_pad             text9        01195
__end_of_putch           text12       00008
__end_of_sprintf         text1        0102E
__end_of_strcpy          text8        01EE4
__end_of_strlen          text33       01DE7
__end_of_strncmp         text4        01086
__end_of_tolower         text6        01D9E
__end_of_vfpfcnvrt       text3        01000
__end_of_vfprintf        text2        00836
__initialization         cinit        007D9
__pbssBANK1              bssBANK1     000EE
__pbssBANK2              bssBANK2     00163
__pbssBANK3              bssBANK3     001B0
__pbssBANK4              bssBANK4     00220
__pcstackBANK0           cstackBANK0  00020
__pcstackBANK1           cstackBANK1  000A0
__pcstackBANK2           cstackBANK2  00120
__pcstackCOMMON          cstackCOMMON 00070
__pdataBANK3             dataBANK3    001A0
__pidataBANK3            idataBANK3   01D77
__pmaintext              maintext     014DB
__pstringtext1           stringtext1  01800
__pstringtext10          stringtext10 00000
__pstringtext2           stringtext2  0180E
__pstringtext3           stringtext3  01815
__pstringtext4           stringtext4  0181B
__pstringtext5           stringtext5  0181F
__pstringtext6           stringtext6  01823
__pstringtext7           stringtext7  01827
__pstringtext8           stringtext8  0182B
__pstringtext9           stringtext9  0182E
__ptext1                 text1        01002
__ptext10                text10       01F07
__ptext11                text11       01086
__ptext12                text12       00007
__ptext13                text13       013F0
__ptext14                text14       01252
__ptext15                text15       00008
__ptext16                text16       01E82
__ptext17                text17       008E2
__ptext18                text18       01D6C
__ptext19                text19       00B21
__ptext2                 text2        00805
__ptext20                text20       01EE4
__ptext21                text21       012D1
__ptext22                text22       01F5F
__ptext23                text23       0164C
__ptext24                text24       01FAD
__ptext25                text25       011F3
__ptext26                text26       0135C
__ptext27                text27       01EA2
__ptext28                text28       01D9E
__ptext29                text29       01E23
__ptext3                 text3        00D78
__ptext30                text30       00836
__ptext31                text31       01E62
__ptext32                text32       01195
__ptext33                text33       01DCE
__ptext34                text34       010DF
__ptext35                text35       01DE7
__ptext36                text36       01F30
__ptext37                text37       01E04
__ptext38                text38       01E42
__ptext4                 text4        0102E
__ptext5                 text5        0007C
__ptext6                 text6        01D87
__ptext7                 text7        01DB6
__ptext8                 text8        01EC3
__ptext9                 text9        01139
_atoi                    text26       0135C
_dbuf                    bssBANK4     00220
_efgtoa                  text5        0007C
_efgtoa$729              cstackBANK1  000A0
_efgtoa$737              cstackBANK1  000A2
_efgtoa$738              cstackBANK1  000A4
_flags                   bssBANK1     000EE
_floorf                  text13       013F0
_fputc                   text11       01086
_fputs                   text10       01F07
_isdigit                 text28       01D9E
_isspace                 text27       01EA2
_isspace$816             cstackCOMMON 00074
_isupper                 text7        01DB6
_main                    maintext     014DB
_nout                    bssBANK2     00167
_pad                     text9        01139
_prec                    bssBANK2     0016B
_putch                   text12       00007
_sprintf                 text1        01002
_strcpy                  text8        01EC3
_strlen                  text33       01DCE
_strncmp                 text4        0102E
_tolower                 text6        01D87
_vfpfcnvrt               text3        00D78
_vfprintf                text2        00805
_width                   bssBANK2     00169
atoi@n                   cstackBANK0  00022
atoi@neg                 cstackBANK0  00020
atoi@s                   cstackCOMMON 00076
btemp                    (abs)        0007E
clear_ram0               clrtext      01D60
efgtoa@c                 cstackBANK0  0006C
efgtoa@d                 cstackBANK1  000B2
efgtoa@e                 cstackBANK1  000CB
efgtoa@f                 cstackBANK0  00068
efgtoa@fp                cstackBANK1  000B6
efgtoa@g                 cstackBANK1  000C7
efgtoa@h                 cstackBANK1  000BD
efgtoa@i                 cstackBANK1  000C5
efgtoa@l                 cstackBANK1  000C1
efgtoa@m                 cstackBANK1  000AC
efgtoa@mode              cstackBANK1  000BC
efgtoa@n                 cstackBANK1  000CD
efgtoa@ne                cstackBANK1  000AA
efgtoa@nmode             cstackBANK1  000BB
efgtoa@ou                cstackBANK1  000AE
efgtoa@p                 cstackBANK1  000B7
efgtoa@pp                cstackBANK1  000A8
efgtoa@sign              cstackBANK1  000B4
efgtoa@t                 cstackBANK1  000A6
efgtoa@u                 cstackBANK1  000CF
efgtoa@w                 cstackBANK1  000B9
end_of_initialization    cinit        007FD
floorf@F526              bssBANK3     001B0
floorf@e                 cstackBANK0  00062
floorf@m                 cstackBANK0  0005E
floorf@u                 cstackBANK0  00064
floorf@x                 cstackBANK0  00054
fputc@c                  cstackCOMMON 00070
fputc@fp                 cstackCOMMON 00072
fputs@c                  cstackBANK0  00020
fputs@fp                 cstackCOMMON 00078
fputs@i                  cstackBANK0  00021
fputs@s                  cstackBANK0  00023
init_ram                 inittext     01D66
intlevel0                functab      00000
intlevel1                functab      00000
intlevel2                functab      00000
intlevel3                functab      00000
intlevel4                functab      00000
intlevel5                functab      00000
isdigit@c                cstackCOMMON 00070
isspace@c                cstackCOMMON 00070
isupper@c                cstackCOMMON 00070
main@ADC0_result_var     cstackBANK2  0015B
main@F4003               dataBANK3    001A0
main@cus                 cstackBANK2  00138
main@i                   cstackBANK2  00161
main@temp_calculate      cstackBANK2  0015D
main@temp_result         cstackBANK2  00148
main@voltage             cstackBANK2  00157
pad@buf                  cstackBANK0  00024
pad@fp                   cstackBANK0  0002B
pad@i                    cstackBANK0  00027
pad@p                    cstackBANK0  00025
pad@w                    cstackBANK0  00029
reset_vec                reset_vec    00000
sprintf@ap               cstackBANK2  00127
sprintf@f                cstackBANK2  00128
sprintf@fmt              cstackBANK2  00120
sprintf@s                cstackBANK2  00126
start                    init         00002
start_initialization     cinit        007D9
strcpy@d                 cstackCOMMON 00076
strcpy@dest              cstackCOMMON 00077
strcpy@s                 cstackCOMMON 00074
strcpy@src               cstackCOMMON 00070
strlen@a                 cstackCOMMON 00073
strlen@s                 cstackCOMMON 00070
strncmp@_l               cstackCOMMON 00075
strncmp@_r               cstackCOMMON 00070
strncmp@l                cstackCOMMON 00078
strncmp@n                cstackCOMMON 00072
strncmp@r                cstackCOMMON 00076
tolower@c                cstackCOMMON 00076
vfpfcnvrt@ap             cstackBANK1  000D4
vfpfcnvrt@c              cstackBANK1  000E3
vfpfcnvrt@ct             cstackBANK1  000E0
vfpfcnvrt@done           cstackBANK1  000DA
vfpfcnvrt@f              cstackBANK1  000DC
vfpfcnvrt@fmt            cstackBANK1  000D3
vfpfcnvrt@fp             cstackBANK1  000E4
vfprintf@ap              cstackBANK1  000E7
vfprintf@cfmt            cstackBANK1  000EB
vfprintf@fmt             cstackBANK1  000E5
vfprintf@fp              cstackBANK1  000EA
wtemp0                   (abs)        0007E


MODULE INFORMATION

Module		Function		Class		Link	Load	Size
C:\Program Files\Microchip\xc8\v2.36\pic\sources\c99\common\putch.c
		_putch         		CODE           	0007	0000	1

C:\Program Files\Microchip\xc8\v2.36\pic\sources\c99\common\putch.c estimated size: 1

C:\Program Files\Microchip\xc8\v2.36\pic\sources\c99\common\nf_fputs.c
		_fputs         		CODE           	1F07	0000	41

C:\Program Files\Microchip\xc8\v2.36\pic\sources\c99\common\nf_fputs.c estimated size: 41

C:\Program Files\Microchip\xc8\v2.36\pic\sources\c99\common\strncmp.c
		_strncmp       		CODE           	102E	0000	88

C:\Program Files\Microchip\xc8\v2.36\pic\sources\c99\common\strncmp.c estimated size: 88

C:\Program Files\Microchip\xc8\v2.36\pic\sources\c99\common\tolower.c
		_tolower       		CODE           	1D87	0000	23

C:\Program Files\Microchip\xc8\v2.36\pic\sources\c99\common\tolower.c estimated size: 23

C:\Program Files\Microchip\xc8\v2.36\pic\sources\c99\common\__fpclassifyf.c
		___fpclassifyf 		CODE           	1252	0000	127

C:\Program Files\Microchip\xc8\v2.36\pic\sources\c99\common\__fpclassifyf.c estimated size: 127

C:\Program Files\Microchip\xc8\v2.36\pic\sources\c99\common\sprcmul.c
		___flmul       		CODE           	0B21	0000	599

C:\Program Files\Microchip\xc8\v2.36\pic\sources\c99\common\sprcmul.c estimated size: 599

C:\Program Files\Microchip\xc8\v2.36\pic\sources\c99\common\floorf.c
		_floorf        		CODE           	13F0	0000	235

C:\Program Files\Microchip\xc8\v2.36\pic\sources\c99\common\floorf.c estimated size: 235

C:\Program Files\Microchip\xc8\v2.36\pic\sources\c99\common\sprcdiv.c
		___fldiv       		CODE           	164C	0000	436

C:\Program Files\Microchip\xc8\v2.36\pic\sources\c99\common\sprcdiv.c estimated size: 436

C:\Program Files\Microchip\xc8\v2.36\pic\sources\c99\common\atoi.c
		_atoi          		CODE           	135C	0000	148

C:\Program Files\Microchip\xc8\v2.36\pic\sources\c99\common\atoi.c estimated size: 148

C:\Program Files\Microchip\xc8\v2.36\pic\sources\c99\common\fleq.c
		___fleq        		CODE           	1F5F	0000	78

C:\Program Files\Microchip\xc8\v2.36\pic\sources\c99\common\fleq.c estimated size: 78

C:\Program Files\Microchip\xc8\v2.36\pic\sources\c99\common\awmod.c
		___awmod       		CODE           	1FAD	0000	83

C:\Program Files\Microchip\xc8\v2.36\pic\sources\c99\common\awmod.c estimated size: 83

C:\Program Files\Microchip\xc8\v2.36\pic\sources\c99\common\nf_sprintf.c
		_sprintf       		CODE           	1002	0000	44

C:\Program Files\Microchip\xc8\v2.36\pic\sources\c99\common\nf_sprintf.c estimated size: 44

C:\Program Files\Microchip\xc8\v2.36\pic\sources\c99\common\isspace.c
		_isspace       		CODE           	1EA2	0000	33

C:\Program Files\Microchip\xc8\v2.36\pic\sources\c99\common\isspace.c estimated size: 33

C:\Program Files\Microchip\xc8\v2.36\pic\sources\c99\common\xxtofl.c
		___xxtofl      		CODE           	0836	0000	172

C:\Program Files\Microchip\xc8\v2.36\pic\sources\c99\common\xxtofl.c estimated size: 172

C:\Program Files\Microchip\xc8\v2.36\pic\sources\c99\common\Umul8_16.c
		__Umul8_16     		CODE           	1EE4	0000	35

C:\Program Files\Microchip\xc8\v2.36\pic\sources\c99\common\Umul8_16.c estimated size: 35

C:\Program Files\Microchip\xc8\v2.36\pic\sources\c99\common\strlen.c
		_strlen        		CODE           	1DCE	0000	25

C:\Program Files\Microchip\xc8\v2.36\pic\sources\c99\common\strlen.c estimated size: 25

C:\Program Files\Microchip\xc8\v2.36\pic\sources\c99\common\strcpy.c
		_strcpy        		CODE           	1EC3	0000	33

C:\Program Files\Microchip\xc8\v2.36\pic\sources\c99\common\strcpy.c estimated size: 33

C:\Program Files\Microchip\xc8\v2.36\pic\sources\c99\common\nf_fputc.c
		_fputc         		CODE           	1086	0000	89

C:\Program Files\Microchip\xc8\v2.36\pic\sources\c99\common\nf_fputc.c estimated size: 89

C:\Program Files\Microchip\xc8\v2.36\pic\sources\c99\common\isdigit.c
		_isdigit       		CODE           	1D9E	0000	24

C:\Program Files\Microchip\xc8\v2.36\pic\sources\c99\common\isdigit.c estimated size: 24

C:\Program Files\Microchip\xc8\v2.36\pic\sources\c99\common\sprcadd.c
		___flsub       		CODE           	1E82	0000	32
		___fladd       		CODE           	08E2	0000	575

C:\Program Files\Microchip\xc8\v2.36\pic\sources\c99\common\sprcadd.c estimated size: 607

C:\Program Files\Microchip\xc8\v2.36\pic\sources\c99\common\awdiv.c
		___awdiv       		CODE           	11F3	0000	95

C:\Program Files\Microchip\xc8\v2.36\pic\sources\c99\common\awdiv.c estimated size: 95

C:\Program Files\Microchip\xc8\v2.36\pic\sources\c99\common\doprnt.c
		_vfpfcnvrt     		CODE           	0D78	0000	648
		_efgtoa        		CODE           	007C	0000	1885
		_pad           		CODE           	1139	0000	92
		_vfprintf      		CODE           	0805	0000	49

C:\Program Files\Microchip\xc8\v2.36\pic\sources\c99\common\doprnt.c estimated size: 2674

C:\Program Files\Microchip\xc8\v2.36\pic\sources\c99\common\fltol.c
		___fltol       		CODE           	0008	0000	116

C:\Program Files\Microchip\xc8\v2.36\pic\sources\c99\common\fltol.c estimated size: 116

shared
		__initialization		CODE           	07D9	0000	36

shared estimated size: 36

C:\Program Files\Microchip\xc8\v2.36\pic\sources\c99\common\flge.c
		___flge        		CODE           	12D1	0000	139

C:\Program Files\Microchip\xc8\v2.36\pic\sources\c99\common\flge.c estimated size: 139

lcd.c
		_LCDPutCmd     		CODE           	1E04	0000	31
		_LCDPutChar    		CODE           	1DE7	0000	29
		_LCDPutStr2    		CODE           	10DF	0000	90
		_LCDPutStr3    		CODE           	1195	0000	94
		_LCD_Initialize		CODE           	1E62	0000	32
		_LCDWriteNibble		CODE           	1E42	0000	32
		_LCDGoto       		CODE           	1F30	0000	47

lcd.c estimated size: 355

Assignment 72.c
		_main          		CODE           	14DB	0000	369

Assignment 72.c estimated size: 369

C:\Program Files\Microchip\xc8\v2.36\pic\sources\c99\common\Umul16.c
		___wmul        		CODE           	1E23	0000	31

C:\Program Files\Microchip\xc8\v2.36\pic\sources\c99\common\Umul16.c estimated size: 31

C:\Program Files\Microchip\xc8\v2.36\pic\sources\c99\common\flneg.c
		___flneg       		CODE           	1D6C	0000	11

C:\Program Files\Microchip\xc8\v2.36\pic\sources\c99\common\flneg.c estimated size: 11

C:\Program Files\Microchip\xc8\v2.36\pic\sources\c99\common\isupper.c
		_isupper       		CODE           	1DB6	0000	24

C:\Program Files\Microchip\xc8\v2.36\pic\sources\c99\common\isupper.c estimated size: 24

