Microchip MPLAB XC8 Compiler V2.36

Linker command line:

-W-3 --edf=C:\Program Files\Microchip\xc8\v2.36\pic\dat\en_msgs.txt -cn \
  -h+dist/default/production\Assignment_8.1.X.production.sym \
  --cmf=dist/default/production\Assignment_8.1.X.production.cmf -z \
  -Q16F1509 -oC:\Users\DELL\AppData\Local\Temp\xcAscos.4 \
  --defsym=__MPLAB_BUILD=1 \
  -Mdist/default/production/Assignment_8.1.X.production.map \
  --md=C:\Users\DELL\AppData\Local\Temp\xcAscos.dat -E1 -ver=XC8 Compiler \
  --acfsm=1493 -ACODE=00h-07FFhx4 -ASTRCODE=00h-01FFFh -ASTRING=00h-0FFhx32 \
  -ACONST=00h-0FFhx32 -AENTRY=00h-0FFhx32 -ACOMMON=070h-07Fh \
  -ABANK0=020h-06Fh -ABANK1=0A0h-0EFh -ABANK2=0120h-016Fh \
  -ABANK3=01A0h-01EFh -ABANK4=0220h-026Fh -ABANK5=02A0h-02EFh \
  -ABANK6=0320h-032Fh -ABIGRAM=02000h-021EFh \
  -ARAM=020h-06Fh,0A0h-0EFh,0120h-016Fh,01A0h-01EFh,0220h-026Fh,02A0h-02EFh,0320h-032Fh \
  -AABS1=020h-07Fh,0A0h-0EFh,0120h-016Fh,01A0h-01EFh,0220h-026Fh,02A0h-02EFh,0320h-032Fh \
  -ASFR0=00h-01Fh -ASFR1=080h-09Fh -ASFR2=0100h-011Fh -ASFR3=0180h-019Fh \
  -ASFR4=0200h-021Fh -ASFR5=0280h-029Fh -ASFR6=0300h-031Fh \
  -ASFR7=0380h-03EFh -ASFR8=0400h-046Fh -ASFR9=0480h-04EFh \
  -ASFR10=0500h-056Fh -ASFR11=0580h-05EFh -ASFR12=0600h-066Fh \
  -ASFR13=0680h-06EFh -ASFR14=0700h-076Fh -ASFR15=0780h-07EFh \
  -ASFR16=0800h-086Fh -ASFR17=0880h-08EFh -ASFR18=0900h-096Fh \
  -ASFR19=0980h-09EFh -ASFR20=0A00h-0A6Fh -ASFR21=0A80h-0AEFh \
  -ASFR22=0B00h-0B6Fh -ASFR23=0B80h-0BEFh -ASFR24=0C00h-0C6Fh \
  -ASFR25=0C80h-0CEFh -ASFR26=0D00h-0D6Fh -ASFR27=0D80h-0DEFh \
  -ASFR28=0E00h-0E6Fh -ASFR29=0E80h-0EEFh -ASFR30=0F00h-0F6Fh \
  -ASFR31=0F80h-0FEFh -ACONFIG=08007h-08008h -DCONFIG=2 \
  -AIDLOC=08000h-08003h -DIDLOC=2 -DCODE=2 -DSTRCODE=2 -DSTRING=2 -DCONST=2 \
  -DENTRY=2 -preset_vec=00h,intentry,init,end_init -ppowerup=CODE \
  -pcinit=CODE -pfunctab=ENTRY -k \
  C:\Users\DELL\AppData\Local\Temp\xcAscos.o \
  dist/default/production\Assignment_8.1.X.production.o 

Object code version is 3.11

Machine type is 16F1509



                Name                               Link     Load   Length Selector   Space Scale
C:\Users\DELL\AppData\Local\Temp\xcAscos.o
                end_init                              2        2        2        0       0
                reset_vec                             0        0        2        0       0
                config                             8007     8007        2        0       4
                idloc                              8000     8000        4        0       5
dist/default/production\Assignment_8.1.X.production.o
                cinit                               7E7      7E7       19      FCE       0
                maintext_split_3                     CD       CD      71A      19A       0
                maintext_split_2                    D17      D17      174     1A2E       0
                maintext_split_1                    E8B      E8B      175     1D16       0
                config                             8007     8007        2        0       4
                idloc                              8000     8000        4        0       5
                text26                              A97      A97       1C     152E       0
                text25                              AB3      AB3       1C     1566       0
                text24                              ACF      ACF       1C     159E       0
                text23                              AEB      AEB       1C     15D6       0
                text22                              B07      B07       1C     160E       0
                text21                              B23      B23       1C     1646       0
                text20                              B3F      B3F       1C     167E       0
                text19                              B5B      B5B       1C     16B6       0
                text18                              A65      A65       19     14CA       0
                text17                              A35      A35        F     146A       0
                text16                              9F5      9F5        5     13EA       0
                text15                              9FA      9FA        6     13F4       0
                text14                              A00      A00        6     1400       0
                text13                              A06      A06        6     140C       0
                text12                              B77      B77       22     16EE       0
                text11                              A0C      A0C        6     1418       0
                text10                              A7E      A7E       19     14FC       0
                text9                               9F1      9F1        4     13E2       0
                text8                               A28      A28        D     1450       0
                text7                               A12      A12        A     1424       0
                text6                               A44      A44        F     1488       0
                text5                                 4        4        E        0       0
                text4                                12       12       41       24       0
                text3                                53       53       7A       A6       0
                text2                               B99      B99       28     1732       0
                text1                               A53      A53       12     14A6       0
                maintext                            BC1      BC1      156     1782       0
                cstackBANK0                          55       55       15       20       1
                cstackCOMMON                         70       70        E       70       1
                clrtext                             A1C      A1C        C     1438       0
                bssBANK0                             20       20       35       20       1
                stringtext1                        1000     1000       20     2000       0
                nvBANK0                              6A       6A        6       20       1

TOTAL           Name                               Link     Load   Length     Space
        CLASS   CODE           
                end_init                              2        2        2         0
                cinit                               7E7      7E7       19         0
                reset_vec                             0        0        2         0
                maintext_split_3                     CD       CD      71A         0
                maintext_split_2                    D17      D17      174         0
                maintext_split_1                    E8B      E8B      175         0
                text26                              A97      A97       1C         0
                text25                              AB3      AB3       1C         0
                text24                              ACF      ACF       1C         0
                text23                              AEB      AEB       1C         0
                text22                              B07      B07       1C         0
                text21                              B23      B23       1C         0
                text20                              B3F      B3F       1C         0
                text19                              B5B      B5B       1C         0
                text18                              A65      A65       19         0
                text17                              A35      A35        F         0
                text16                              9F5      9F5        5         0
                text15                              9FA      9FA        6         0
                text14                              A00      A00        6         0
                text13                              A06      A06        6         0
                text12                              B77      B77       22         0
                text11                              A0C      A0C        6         0
                text10                              A7E      A7E       19         0
                text9                               9F1      9F1        4         0
                text8                               A28      A28        D         0
                text7                               A12      A12        A         0
                text6                               A44      A44        F         0
                text5                                 4        4        E         0
                text4                                12       12       41         0
                text3                                53       53       7A         0
                text2                               B99      B99       28         0
                text1                               A53      A53       12         0
                maintext                            BC1      BC1      156         0
                clrtext                             A1C      A1C        C         0

        CLASS   STRCODE        
                stringtext1                        1000     1000       20         0

        CLASS   STRING         

        CLASS   CONST          

        CLASS   ENTRY          

        CLASS   COMMON         
                cstackCOMMON                         70       70        E         1

        CLASS   BANK0          
                cstackBANK0                          55       55       15         1
                bssBANK0                             20       20       35         1
                nvBANK0                              6A       6A        6         1

        CLASS   BANK1          

        CLASS   BANK2          

        CLASS   BANK3          

        CLASS   BANK4          

        CLASS   BANK5          

        CLASS   BANK6          

        CLASS   BIGRAM         

        CLASS   RAM            

        CLASS   ABS1           
                abs_s1                               7E       7E        2         1
                abs_s1                              26C      26C        4         1
                abs_s1                              2A0      2A0       50         1
                abs_s1                              320      320       10         1
                abs_s1                             218C     218C        0         1

        CLASS   SFR0           

        CLASS   SFR1           

        CLASS   SFR2           

        CLASS   SFR3           

        CLASS   SFR4           

        CLASS   SFR5           

        CLASS   SFR6           

        CLASS   SFR7           

        CLASS   SFR8           

        CLASS   SFR9           

        CLASS   SFR10          

        CLASS   SFR11          

        CLASS   SFR12          

        CLASS   SFR13          

        CLASS   SFR14          

        CLASS   SFR15          

        CLASS   SFR16          

        CLASS   SFR17          

        CLASS   SFR18          

        CLASS   SFR19          

        CLASS   SFR20          

        CLASS   SFR21          

        CLASS   SFR22          

        CLASS   SFR23          

        CLASS   SFR24          

        CLASS   SFR25          

        CLASS   SFR26          

        CLASS   SFR27          

        CLASS   SFR28          

        CLASS   SFR29          

        CLASS   SFR30          

        CLASS   SFR31          

        CLASS   CONFIG         
                config                             8007     8007        2         4

        CLASS   IDLOC          
                idloc                              8000     8000        4         5

        CLASS   BANK31         

        CLASS   BANK30         

        CLASS   BANK29         

        CLASS   BANK28         

        CLASS   BANK27         

        CLASS   BANK26         

        CLASS   BANK25         

        CLASS   BANK24         

        CLASS   BANK23         

        CLASS   BANK22         

        CLASS   BANK21         

        CLASS   BANK20         

        CLASS   BANK19         

        CLASS   BANK18         

        CLASS   BANK17         

        CLASS   BANK16         

        CLASS   BANK15         

        CLASS   BANK14         

        CLASS   BANK13         

        CLASS   BANK12         

        CLASS   BANK11         

        CLASS   BANK10         

        CLASS   BANK9          

        CLASS   BANK8          

        CLASS   BANK7          

        CLASS   HEAP           

        CLASS   STACK          

        CLASS   EEDATA         



SEGMENTS        Name                           Load    Length   Top    Selector   Space  Class     Delta

                reset_vec                      000000  000012  000012         0       0  CODE        2
                bssBANK0                       000020  000050  000070        20       1  BANK0       1
                text4                          000012  000041  000053        24       0  CODE        2
                cstackCOMMON                   000070  00000E  00007E        70       1  COMMON      1
                text3                          000053  00007A  0000CD        A6       0  CODE        2
                maintext_split_3               0000CD  00071A  0007E7       19A       0  CODE        2
                cinit                          0007E7  000019  000800       FCE       0  CODE        2
                text9                          0009F1  000004  0009F5      13E2       0  CODE        2
                text16                         0009F5  000005  0009FA      13EA       0  CODE        2
                text15                         0009FA  000006  000A00      13F4       0  CODE        2
                text14                         000A00  000006  000A06      1400       0  CODE        2
                text13                         000A06  000006  000A0C      140C       0  CODE        2
                text11                         000A0C  000006  000A12      1418       0  CODE        2
                text7                          000A12  00000A  000A1C      1424       0  CODE        2
                clrtext                        000A1C  00000C  000A28      1438       0  CODE        2
                text8                          000A28  00000D  000A35      1450       0  CODE        2
                text17                         000A35  00000F  000A44      146A       0  CODE        2
                text6                          000A44  00000F  000A53      1488       0  CODE        2
                text1                          000A53  000012  000A65      14A6       0  CODE        2
                text18                         000A65  000019  000A7E      14CA       0  CODE        2
                text10                         000A7E  000019  000A97      14FC       0  CODE        2
                text26                         000A97  00001C  000AB3      152E       0  CODE        2
                text25                         000AB3  00001C  000ACF      1566       0  CODE        2
                text24                         000ACF  00001C  000AEB      159E       0  CODE        2
                text23                         000AEB  00001C  000B07      15D6       0  CODE        2
                text22                         000B07  00001C  000B23      160E       0  CODE        2
                text21                         000B23  00001C  000B3F      1646       0  CODE        2
                text20                         000B3F  00001C  000B5B      167E       0  CODE        2
                text19                         000B5B  00001C  000B77      16B6       0  CODE        2
                text12                         000B77  000022  000B99      16EE       0  CODE        2
                text2                          000B99  000028  000BC1      1732       0  CODE        2
                maintext                       000BC1  000156  000D17      1782       0  CODE        2
                maintext_split_2               000D17  000174  000E8B      1A2E       0  CODE        2
                maintext_split_1               000E8B  000175  001000      1D16       0  CODE        2
                stringtext1                    001000  000020  001020      2000       0  STRCODE     2


UNUSED ADDRESS RANGES

        Name                Unused          Largest block    Delta
        BANK1            0000A0-0000EF               50           1
        BANK2            000120-00016F               50           1
        BANK3            0001A0-0001EF               50           1
        BANK4            000220-00026B               4C           1
        BIGRAM           002000-0021EF              1F0           1
        CODE             000800-0009F0              1F1           2
                         001020-001FFF              7E0
        CONST            000800-0009F0              100           2
                         001020-001FFF              100
        ENTRY            000800-0009F0              100           2
                         001020-001FFF              100
        RAM              0000A0-0000EF               50           1
                         000120-00016F               50
                         0001A0-0001EF               50
                         000220-00026B               4C
        SFR0             000000-00001F               20           1
        SFR1             000080-00009F               20           1
        SFR10            000500-00056F               70           1
        SFR11            000580-0005EF               70           1
        SFR12            000600-00066F               70           1
        SFR13            000680-0006EF               70           1
        SFR14            000700-00076F               70           1
        SFR15            000780-0007EF               70           1
        SFR16            000800-00086F               70           1
        SFR17            000880-0008EF               70           1
        SFR18            000900-00096F               70           1
        SFR19            000980-0009EF               70           1
        SFR2             000100-00011F               20           1
        SFR20            000A00-000A6F               70           1
        SFR21            000A80-000AEF               70           1
        SFR22            000B00-000B6F               70           1
        SFR23            000B80-000BEF               70           1
        SFR24            000C00-000C6F               70           1
        SFR25            000C80-000CEF               70           1
        SFR26            000D00-000D6F               70           1
        SFR27            000D80-000DEF               70           1
        SFR28            000E00-000E6F               70           1
        SFR29            000E80-000EEF               70           1
        SFR3             000180-00019F               20           1
        SFR30            000F00-000F6F               70           1
        SFR31            000F80-000FEF               70           1
        SFR4             000200-00021F               20           1
        SFR5             000280-00029F               20           1
        SFR6             000300-00031F               20           1
        SFR7             000380-0003EF               70           1
        SFR8             000400-00046F               70           1
        SFR9             000480-0004EF               70           1
        STRCODE          000800-0009F0              1F1           2
                         001020-001FFF              FE0
        STRING           000800-0009F0              100           2
                         001020-001FFF              100

                                  Symbol Table

?_printf                                       cstackBANK0      000062
?_vfpfcnvrt                                    cstackCOMMON     00007A
?_vfprintf                                     cstackBANK0      00005A
EUSART_SetErrorHandler@interruptHandler        cstackCOMMON     000070
EUSART_SetFramingErrorHandler@interruptHandler cstackCOMMON     000070
EUSART_SetOverrunErrorHandler@interruptHandler cstackCOMMON     000070
EUSART_Write@txData                            cstackCOMMON     000070
_ANSELA                                        (abs)            00018C
_ANSELB                                        (abs)            00018D
_ANSELC                                        (abs)            00018E
_APFCON                                        (abs)            00011D
_BAUDCON                                       (abs)            00019F
_BORCON                                        (abs)            000116
_Check_Blynk                                   text18           000A65
_EUSART_DefaultErrorHandler                    (abs)            000000
_EUSART_DefaultFramingErrorHandler             (abs)            000000
_EUSART_DefaultOverrunErrorHandler             (abs)            000000
_EUSART_ErrorHandler                           nvBANK0          00006A
_EUSART_FramingErrorHandler                    nvBANK0          00006E
_EUSART_Initialize                             text12           000B77
_EUSART_OverrunErrorHandler                    nvBANK0          00006C
_EUSART_Read                                   text17           000A35
_EUSART_SetErrorHandler                        text15           0009FA
_EUSART_SetFramingErrorHandler                 text14           000A00
_EUSART_SetOverrunErrorHandler                 text13           000A06
_EUSART_Write                                  text7            000A12
_EUSART_is_rx_ready                            text16           0009F5
_EUSART_is_tx_ready                            text6            000A44
_EUSART_is_tx_ready$301                        cstackCOMMON     000070
_LATA                                          (abs)            00010C
_LATB                                          (abs)            00010D
_LATC                                          (abs)            00010E
_LATCbits                                      (abs)            00010E
_LED_1_Blynk                                   text26           000A97
_LED_2_Blynk                                   text25           000AB3
_LED_3_Blynk                                   text24           000ACF
_LED_4_Blynk                                   text23           000AEB
_LED_5_Blynk                                   text22           000B07
_LED_6_Blynk                                   text21           000B23
_LED_7_Blynk                                   text20           000B3F
_LED_8_Blynk                                   text19           000B5B
_OPTION_REGbits                                (abs)            000095
_OSCCON                                        (abs)            000099
_OSCILLATOR_Initialize                         text11           000A0C
_PIN_MANAGER_Initialize                        text10           000A7E
_PIR1bits                                      (abs)            000011
_RCREG                                         (abs)            000199
_RCSTA                                         (abs)            00019D
_RCSTAbits                                     (abs)            00019D
_SPBRGH                                        (abs)            00019C
_SPBRGL                                        (abs)            00019B
_SYSTEM_Initialize                             text8            000A28
_TRISA                                         (abs)            00008C
_TRISB                                         (abs)            00008D
_TRISC                                         (abs)            00008E
_TXREG                                         (abs)            00019A
_TXSTA                                         (abs)            00019E
_TXSTAbits                                     (abs)            00019E
_WDTCON                                        (abs)            000097
_WDT_Initialize                                text9            0009F1
_WPUA                                          (abs)            00020C
_WPUB                                          (abs)            00020D
__Habs1                                        abs1             000000
__Hbank0                                       bank0            000000
__Hbank1                                       bank1            000000
__Hbank10                                      bank10           000000
__Hbank11                                      bank11           000000
__Hbank12                                      bank12           000000
__Hbank13                                      bank13           000000
__Hbank14                                      bank14           000000
__Hbank15                                      bank15           000000
__Hbank16                                      bank16           000000
__Hbank17                                      bank17           000000
__Hbank18                                      bank18           000000
__Hbank19                                      bank19           000000
__Hbank2                                       bank2            000000
__Hbank20                                      bank20           000000
__Hbank21                                      bank21           000000
__Hbank22                                      bank22           000000
__Hbank23                                      bank23           000000
__Hbank24                                      bank24           000000
__Hbank25                                      bank25           000000
__Hbank26                                      bank26           000000
__Hbank27                                      bank27           000000
__Hbank28                                      bank28           000000
__Hbank29                                      bank29           000000
__Hbank3                                       bank3            000000
__Hbank30                                      bank30           000000
__Hbank31                                      bank31           000000
__Hbank4                                       bank4            000000
__Hbank5                                       bank5            000000
__Hbank6                                       bank6            000000
__Hbank7                                       bank7            000000
__Hbank8                                       bank8            000000
__Hbank9                                       bank9            000000
__Hbigram                                      bigram           000000
__HbssBANK0                                    bssBANK0         000000
__Hcinit                                       cinit            000800
__Hclrtext                                     clrtext          000000
__Hcode                                        code             000000
__Hcommon                                      common           000000
__Hconfig                                      config           008009
__HcstackBANK0                                 cstackBANK0      000000
__HcstackCOMMON                                cstackCOMMON     000000
__Heeprom_data                                 eeprom_data      000000
__Hend_init                                    end_init         000004
__Hfunctab                                     functab          000000
__Hheap                                        heap             000000
__Hidloc                                       idloc            008004
__Hinit                                        init             000002
__Hintentry                                    intentry         000002
__Hmaintext                                    maintext         000000
__Hmaintext_split_1                            maintext_split_1 000000
__Hmaintext_split_2                            maintext_split_2 000000
__Hmaintext_split_3                            maintext_split_3 000000
__HnvBANK0                                     nvBANK0          000000
__Hpowerup                                     powerup          000000
__Hram                                         ram              000000
__Hreset_vec                                   reset_vec        000002
__Hsfr0                                        sfr0             000000
__Hsfr1                                        sfr1             000000
__Hsfr10                                       sfr10            000000
__Hsfr11                                       sfr11            000000
__Hsfr12                                       sfr12            000000
__Hsfr13                                       sfr13            000000
__Hsfr14                                       sfr14            000000
__Hsfr15                                       sfr15            000000
__Hsfr16                                       sfr16            000000
__Hsfr17                                       sfr17            000000
__Hsfr18                                       sfr18            000000
__Hsfr19                                       sfr19            000000
__Hsfr2                                        sfr2             000000
__Hsfr20                                       sfr20            000000
__Hsfr21                                       sfr21            000000
__Hsfr22                                       sfr22            000000
__Hsfr23                                       sfr23            000000
__Hsfr24                                       sfr24            000000
__Hsfr25                                       sfr25            000000
__Hsfr26                                       sfr26            000000
__Hsfr27                                       sfr27            000000
__Hsfr28                                       sfr28            000000
__Hsfr29                                       sfr29            000000
__Hsfr3                                        sfr3             000000
__Hsfr30                                       sfr30            000000
__Hsfr31                                       sfr31            000000
__Hsfr4                                        sfr4             000000
__Hsfr5                                        sfr5             000000
__Hsfr6                                        sfr6             000000
__Hsfr7                                        sfr7             000000
__Hsfr8                                        sfr8             000000
__Hsfr9                                        sfr9             000000
__Hspace_0                                     (abs)            001020
__Hspace_1                                     (abs)            00007E
__Hspace_2                                     (abs)            000000
__Hspace_3                                     (abs)            000000
__Hspace_4                                     (abs)            010010
__Hstack                                       stack            000000
__Hstrings                                     strings          000000
__Hstringtext1                                 stringtext1      000000
__Hstringtext2                                 stringtext2      000000
__Htext                                        text             000000
__Labs1                                        abs1             000000
__Lbank0                                       bank0            000000
__Lbank1                                       bank1            000000
__Lbank10                                      bank10           000000
__Lbank11                                      bank11           000000
__Lbank12                                      bank12           000000
__Lbank13                                      bank13           000000
__Lbank14                                      bank14           000000
__Lbank15                                      bank15           000000
__Lbank16                                      bank16           000000
__Lbank17                                      bank17           000000
__Lbank18                                      bank18           000000
__Lbank19                                      bank19           000000
__Lbank2                                       bank2            000000
__Lbank20                                      bank20           000000
__Lbank21                                      bank21           000000
__Lbank22                                      bank22           000000
__Lbank23                                      bank23           000000
__Lbank24                                      bank24           000000
__Lbank25                                      bank25           000000
__Lbank26                                      bank26           000000
__Lbank27                                      bank27           000000
__Lbank28                                      bank28           000000
__Lbank29                                      bank29           000000
__Lbank3                                       bank3            000000
__Lbank30                                      bank30           000000
__Lbank31                                      bank31           000000
__Lbank4                                       bank4            000000
__Lbank5                                       bank5            000000
__Lbank6                                       bank6            000000
__Lbank7                                       bank7            000000
__Lbank8                                       bank8            000000
__Lbank9                                       bank9            000000
__Lbigram                                      bigram           000000
__LbssBANK0                                    bssBANK0         000000
__Lcinit                                       cinit            0007E7
__Lclrtext                                     clrtext          000000
__Lcode                                        code             000000
__Lcommon                                      common           000000
__Lconfig                                      config           000000
__LcstackBANK0                                 cstackBANK0      000000
__LcstackCOMMON                                cstackCOMMON     000000
__Leeprom_data                                 eeprom_data      000000
__Lend_init                                    end_init         000002
__Lfunctab                                     functab          000000
__Lheap                                        heap             000000
__Lidloc                                       idloc            000000
__Linit                                        init             000002
__Lintentry                                    intentry         000002
__Lmaintext                                    maintext         000000
__Lmaintext_split_1                            maintext_split_1 000000
__Lmaintext_split_2                            maintext_split_2 000000
__Lmaintext_split_3                            maintext_split_3 000000
__LnvBANK0                                     nvBANK0          000000
__Lpowerup                                     powerup          000000
__Lram                                         ram              000000
__Lreset_vec                                   reset_vec        000000
__Lsfr0                                        sfr0             000000
__Lsfr1                                        sfr1             000000
__Lsfr10                                       sfr10            000000
__Lsfr11                                       sfr11            000000
__Lsfr12                                       sfr12            000000
__Lsfr13                                       sfr13            000000
__Lsfr14                                       sfr14            000000
__Lsfr15                                       sfr15            000000
__Lsfr16                                       sfr16            000000
__Lsfr17                                       sfr17            000000
__Lsfr18                                       sfr18            000000
__Lsfr19                                       sfr19            000000
__Lsfr2                                        sfr2             000000
__Lsfr20                                       sfr20            000000
__Lsfr21                                       sfr21            000000
__Lsfr22                                       sfr22            000000
__Lsfr23                                       sfr23            000000
__Lsfr24                                       sfr24            000000
__Lsfr25                                       sfr25            000000
__Lsfr26                                       sfr26            000000
__Lsfr27                                       sfr27            000000
__Lsfr28                                       sfr28            000000
__Lsfr29                                       sfr29            000000
__Lsfr3                                        sfr3             000000
__Lsfr30                                       sfr30            000000
__Lsfr31                                       sfr31            000000
__Lsfr4                                        sfr4             000000
__Lsfr5                                        sfr5             000000
__Lsfr6                                        sfr6             000000
__Lsfr7                                        sfr7             000000
__Lsfr8                                        sfr8             000000
__Lsfr9                                        sfr9             000000
__Lspace_0                                     (abs)            000000
__Lspace_1                                     (abs)            000000
__Lspace_2                                     (abs)            000000
__Lspace_3                                     (abs)            000000
__Lspace_4                                     (abs)            000000
__Lstack                                       stack            000000
__Lstrings                                     strings          000000
__Lstringtext1                                 stringtext1      000000
__Lstringtext2                                 stringtext2      000000
__Ltext                                        text             000000
__S0                                           (abs)            001020
__S1                                           (abs)            00007E
___heap_hi                                     (abs)            000000
___heap_lo                                     (abs)            000000
___int_sp                                      stack            000000
___latbits                                     (abs)            000002
___sp                                          stack            000000
___stackhi                                     (abs)            000000
___stacklo                                     (abs)            000000
__end_of_Check_Blynk                           text18           000A7E
__end_of_EUSART_Initialize                     text12           000B99
__end_of_EUSART_Read                           text17           000A44
__end_of_EUSART_SetErrorHandler                text15           000A00
__end_of_EUSART_SetFramingErrorHandler         text14           000A06
__end_of_EUSART_SetOverrunErrorHandler         text13           000A0C
__end_of_EUSART_Write                          text7            000A1C
__end_of_EUSART_is_rx_ready                    text16           0009FA
__end_of_EUSART_is_tx_ready                    text6            000A53
__end_of_LED_1_Blynk                           text26           000AB3
__end_of_LED_2_Blynk                           text25           000ACF
__end_of_LED_3_Blynk                           text24           000AEB
__end_of_LED_4_Blynk                           text23           000B07
__end_of_LED_5_Blynk                           text22           000B23
__end_of_LED_6_Blynk                           text21           000B3F
__end_of_LED_7_Blynk                           text20           000B5B
__end_of_LED_8_Blynk                           text19           000B77
__end_of_OSCILLATOR_Initialize                 text11           000A12
__end_of_PIN_MANAGER_Initialize                text10           000A97
__end_of_SYSTEM_Initialize                     text8            000A35
__end_of_WDT_Initialize                        text9            0009F5
__end_of__initialization                       cinit            0007FD
__end_of_fputc                                 text4            000053
__end_of_main                                  maintext_split_3 0007E7
__end_of_printf                                text1            000A65
__end_of_putch                                 text5            000012
__end_of_vfpfcnvrt                             text3            0000CD
__end_of_vfprintf                              text2            000BC1
__initialization                               cinit            0007E7
__pbssBANK0                                    bssBANK0         000020
__pbssBIGRAM                                   (abs)            00218C
__pcstackBANK0                                 cstackBANK0      000055
__pcstackCOMMON                                cstackCOMMON     000070
__pmaintext                                    maintext         000BC1
__pnvBANK0                                     nvBANK0          00006A
__pstringtext1                                 stringtext1      001000
__pstringtext2                                 stringtext2      000000
__ptext1                                       text1            000A53
__ptext10                                      text10           000A7E
__ptext11                                      text11           000A0C
__ptext12                                      text12           000B77
__ptext13                                      text13           000A06
__ptext14                                      text14           000A00
__ptext15                                      text15           0009FA
__ptext16                                      text16           0009F5
__ptext17                                      text17           000A35
__ptext18                                      text18           000A65
__ptext19                                      text19           000B5B
__ptext2                                       text2            000B99
__ptext20                                      text20           000B3F
__ptext21                                      text21           000B23
__ptext22                                      text22           000B07
__ptext23                                      text23           000AEB
__ptext24                                      text24           000ACF
__ptext25                                      text25           000AB3
__ptext26                                      text26           000A97
__ptext3                                       text3            000053
__ptext4                                       text4            000012
__ptext5                                       text5            000004
__ptext6                                       text6            000A44
__ptext7                                       text7            000A12
__ptext8                                       text8            000A28
__ptext9                                       text9            0009F1
_count                                         bssBANK0         000048
_eusartRxLastError                             bssBANK0         00004C
_flags                                         bssBANK0         000046
_fputc                                         text4            000012
_i                                             bssBANK0         00004A
_main                                          maintext         000BC1
_nout                                          bssBANK0         000040
_prec                                          bssBANK0         000044
_printf                                        text1            000A53
_putch                                         text5            000004
_state_1                                       bssBANK0         000054
_state_2                                       bssBANK0         000053
_state_3                                       bssBANK0         000052
_state_4                                       bssBANK0         000051
_state_5                                       bssBANK0         000050
_state_6                                       bssBANK0         00004F
_state_7                                       bssBANK0         00004E
_state_8                                       bssBANK0         00004D
_str                                           (abs)            00218C
_vfpfcnvrt                                     text3            000053
_vfprintf                                      text2            000B99
_width                                         bssBANK0         000042
btemp                                          (abs)            00007E
clear_ram0                                     clrtext          000A1C
end_of_initialization                          cinit            0007FD
fputc@c                                        cstackCOMMON     000072
fputc@fp                                       cstackCOMMON     000074
intlevel0                                      functab          000000
intlevel1                                      functab          000000
intlevel2                                      functab          000000
intlevel3                                      functab          000000
intlevel4                                      functab          000000
intlevel5                                      functab          000000
pnum$maintext                                  (abs)            00000A
pnum$maintext_split_1                          (abs)            000027
pnum$maintext_split_2                          (abs)            000028
pnum$maintext_split_3                          (abs)            000029
printf@ap                                      cstackBANK0      000064
printf@fmt                                     cstackBANK0      000062
psplit$0                                       (abs)            0A0027
psplit$1                                       (abs)            270028
psplit$2                                       (abs)            280029
putch@data                                     cstackCOMMON     000071
reset_vec                                      reset_vec        000000
start                                          init             000002
start_initialization                           cinit            0007E7
vfpfcnvrt@ap                                   cstackCOMMON     00007B
vfpfcnvrt@fmt                                  cstackCOMMON     00007A
vfpfcnvrt@fp                                   cstackCOMMON     00007C
vfprintf@ap                                    cstackBANK0      00005C
vfprintf@cfmt                                  cstackBANK0      000060
vfprintf@fmt                                   cstackBANK0      00005A
vfprintf@fp                                    cstackBANK0      00005F
wtemp0                                         (abs)            00007E


MODULE INFORMATION

Module		Function		Class		Link	Load	Size
C:\Program Files\Microchip\xc8\v2.36\pic\sources\c99\common\printf.c
		_printf        		CODE           	0A53	0000	18

C:\Program Files\Microchip\xc8\v2.36\pic\sources\c99\common\printf.c estimated size: 18

mcc_generated_files/pin_manager.c
		_PIN_MANAGER_Initialize		CODE           	0A7E	0000	25

mcc_generated_files/pin_manager.c estimated size: 25

C:\Program Files\Microchip\xc8\v2.36\pic\sources\c99\common\nf_fputc.c
		_fputc         		CODE           	0012	0000	65

C:\Program Files\Microchip\xc8\v2.36\pic\sources\c99\common\nf_fputc.c estimated size: 65

C:\Program Files\Microchip\xc8\v2.36\pic\sources\c99\common\doprnt.c
		_vfpfcnvrt     		CODE           	0053	0000	122
		_vfprintf      		CODE           	0B99	0000	40

C:\Program Files\Microchip\xc8\v2.36\pic\sources\c99\common\doprnt.c estimated size: 162

shared
		__initialization		CODE           	07E7	0000	22

shared estimated size: 22

mcc_generated_files/mcc.c
		_LED_1_Blynk   		CODE           	0A97	0000	28
		_LED_7_Blynk   		CODE           	0B3F	0000	28
		_WDT_Initialize		CODE           	09F1	0000	4
		_LED_2_Blynk   		CODE           	0AB3	0000	28
		_LED_8_Blynk   		CODE           	0B5B	0000	28
		_LED_3_Blynk   		CODE           	0ACF	0000	28
		_Check_Blynk   		CODE           	0A65	0000	25
		_LED_4_Blynk   		CODE           	0AEB	0000	28
		_OSCILLATOR_Initialize		CODE           	0A0C	0000	6
		_SYSTEM_Initialize		CODE           	0A28	0000	13
		_LED_5_Blynk   		CODE           	0B07	0000	28
		_LED_6_Blynk   		CODE           	0B23	0000	28

mcc_generated_files/mcc.c estimated size: 272

mcc_generated_files/eusart.c
		_EUSART_Read   		CODE           	0A35	0000	15
		_EUSART_Write  		CODE           	0A12	0000	10
		_EUSART_Initialize		CODE           	0B77	0000	34
		_EUSART_SetFramingErrorHandler		CODE           	0A00	0000	6
		_EUSART_SetErrorHandler		CODE           	09FA	0000	6
		_EUSART_SetOverrunErrorHandler		CODE           	0A06	0000	6
		_EUSART_is_rx_ready		CODE           	09F5	0000	5
		_EUSART_is_tx_ready		CODE           	0A44	0000	15

mcc_generated_files/eusart.c estimated size: 97

main.c
		_putch         		CODE           	0004	0000	14
		_main          		CODE           	0BC1	0000	2905

main.c estimated size: 2919

