Microchip MPLAB XC8 Compiler V2.36

Linker command line:

-W-3 --edf=C:\Program Files\Microchip\xc8\v2.36\pic\dat\en_msgs.txt -cn \
  -h+dist/default/production\Test_DoLine.X.production.sym \
  --cmf=dist/default/production\Test_DoLine.X.production.cmf -z -Q16F1829 \
  -oC:\Users\Admin\AppData\Local\Temp\xcAs6so.4 --defsym=__MPLAB_BUILD=1 \
  -Mdist/default/production/Test_DoLine.X.production.map \
  --md=C:\Users\Admin\AppData\Local\Temp\xcAs6so.dat -E1 -ver=XC8 Compiler \
  --acfsm=1493 -ACODE=00h-07FFhx4 -ASTRCODE=00h-01FFFh -ASTRING=00h-0FFhx32 \
  -ACONST=00h-0FFhx32 -AENTRY=00h-0FFhx32 -ACOMMON=070h-07Fh \
  -ABANK0=020h-06Fh -ABANK1=0A0h-0EFh -ABANK2=0120h-016Fh \
  -ABANK3=01A0h-01EFh -ABANK4=0220h-026Fh -ABANK5=02A0h-02EFh \
  -ABANK6=0320h-036Fh -ABANK7=03A0h-03EFh -ABANK8=0420h-046Fh \
  -ABANK9=04A0h-04EFh -ABANK10=0520h-056Fh -ABANK11=05A0h-05EFh \
  -ABANK12=0620h-064Fh -ABIGRAM=02000h-023EFh \
  -ARAM=020h-06Fh,0A0h-0EFh,0120h-016Fh,01A0h-01EFh,0220h-026Fh,02A0h-02EFh,0320h-036Fh,03A0h-03EFh,0420h-046Fh,04A0h-04EFh,0520h-056Fh,05A0h-05EFh,0620h-064Fh \
  -AABS1=020h-07Fh,0A0h-0EFh,0120h-016Fh,01A0h-01EFh,0220h-026Fh,02A0h-02EFh,0320h-036Fh,03A0h-03EFh,0420h-046Fh,04A0h-04EFh,0520h-056Fh,05A0h-05EFh,0620h-064Fh \
  -ASFR0=00h-01Fh -ASFR1=080h-09Fh -ASFR2=0100h-011Fh -ASFR3=0180h-019Fh \
  -ASFR4=0200h-021Fh -ASFR5=0280h-029Fh -ASFR6=0300h-031Fh \
  -ASFR7=0380h-039Fh -ASFR8=0400h-041Fh -ASFR9=0480h-049Fh \
  -ASFR10=0500h-051Fh -ASFR11=0580h-059Fh -ASFR12=0600h-061Fh \
  -ASFR13=0680h-06EFh -ASFR14=0700h-076Fh -ASFR15=0780h-07EFh \
  -ASFR16=0800h-086Fh -ASFR17=0880h-08EFh -ASFR18=0900h-096Fh \
  -ASFR19=0980h-09EFh -ASFR20=0A00h-0A6Fh -ASFR21=0A80h-0AEFh \
  -ASFR22=0B00h-0B6Fh -ASFR23=0B80h-0BEFh -ASFR24=0C00h-0C6Fh \
  -ASFR25=0C80h-0CEFh -ASFR26=0D00h-0D6Fh -ASFR27=0D80h-0DEFh \
  -ASFR28=0E00h-0E6Fh -ASFR29=0E80h-0EEFh -ASFR30=0F00h-0F6Fh \
  -ASFR31=0F80h-0FEFh -ACONFIG=08007h-08008h -DCONFIG=2 \
  -AIDLOC=08000h-08003h -DIDLOC=2 -AEEDATA=00h-0FFh/0F000h \
  -peeprom_data=EEDATA -DEEDATA=2 -DCODE=2 -DSTRCODE=2 -DSTRING=2 -DCONST=2 \
  -DENTRY=2 -preset_vec=00h,intentry,init,end_init -ppowerup=CODE \
  -pcinit=CODE -pfunctab=ENTRY -k \
  C:\Users\Admin\AppData\Local\Temp\xcAs6so.o \
  dist/default/production\Test_DoLine.X.production.o 

Object code version is 3.11

Machine type is 16F1829



                Name                               Link     Load   Length Selector   Space Scale
C:\Users\Admin\AppData\Local\Temp\xcAs6so.o
                end_init                              2        2        2        0       0
                reset_vec                             0        0        2        0       0
                config                             8007     8007        2        0       4
                idloc                              8000     8000        4        0       5
dist/default/production\Test_DoLine.X.production.o
                cinit                               7F1      7F1        F      FE2       0
                config                             8007     8007        2        0       4
                idloc                              8000     8000        4        0       5
                text25                              5EB      5EB        6      BD6       0
                text24                              677      677       17      CEE       0
                text23                              68E      68E       17      D1C       0
                text22                              648      648        F      C90       0
                text21                              5E6      5E6        5      BCC       0
                text20                              5F1      5F1        6      BE2       0
                text19                              6A5      6A5       17      D4A       0
                text18                              6BC      6BC       17      D78       0
                text17                              657      657       10      CAE       0
                text16                              667      667       10      CCE       0
                text15                              5F7      5F7        6      BEE       0
                text14                              5FD      5FD        6      BFA       0
                text13                              603      603        6      C06       0
                text12                              70D      70D       21      E1A       0
                text11                              61B      61B        7      C36       0
                text10                              6D3      6D3       1B      DA6       0
                text9                               62A      62A        A      C54       0
                text8                               634      634        A      C68       0
                text7                               622      622        8      C44       0
                text6                               63E      63E        A      C7C       0
                text5                               5E2      5E2        4      BC4       0
                text4                               6EE      6EE       1F      DDC       0
                text3                               609      609        6      C12       0
                text2                               60F      60F        6      C1E       0
                text1                               615      615        6      C2A       0
                maintext                            72E      72E       C3      E5C       0
                cstackCOMMON                         78       78        5       70       1
                dataCOMMON                           7D       7D        1       70       1
                bssCOMMON                            70       70        8       70       1
                nvBANK0                              20       20        6       20       1
                idataCOMMON                         5E1      5E1        1      BC2       0

TOTAL           Name                               Link     Load   Length     Space
        CLASS   CODE           
                end_init                              2        2        2         0
                cinit                               7F1      7F1        F         0
                reset_vec                             0        0        2         0
                text25                              5EB      5EB        6         0
                text24                              677      677       17         0
                text23                              68E      68E       17         0
                text22                              648      648        F         0
                text21                              5E6      5E6        5         0
                text20                              5F1      5F1        6         0
                text19                              6A5      6A5       17         0
                text18                              6BC      6BC       17         0
                text17                              657      657       10         0
                text16                              667      667       10         0
                text15                              5F7      5F7        6         0
                text14                              5FD      5FD        6         0
                text13                              603      603        6         0
                text12                              70D      70D       21         0
                text11                              61B      61B        7         0
                text10                              6D3      6D3       1B         0
                text9                               62A      62A        A         0
                text8                               634      634        A         0
                text7                               622      622        8         0
                text6                               63E      63E        A         0
                text5                               5E2      5E2        4         0
                text4                               6EE      6EE       1F         0
                text3                               609      609        6         0
                text2                               60F      60F        6         0
                text1                               615      615        6         0
                maintext                            72E      72E       C3         0
                idataCOMMON                         5E1      5E1        1         0

        CLASS   STRCODE        

        CLASS   STRING         

        CLASS   CONST          

        CLASS   ENTRY          

        CLASS   COMMON         
                cstackCOMMON                         78       78        5         1
                dataCOMMON                           7D       7D        1         1
                bssCOMMON                            70       70        8         1

        CLASS   BANK0          
                nvBANK0                              20       20        6         1

        CLASS   BANK1          

        CLASS   BANK2          

        CLASS   BANK3          

        CLASS   BANK4          

        CLASS   BANK5          

        CLASS   BANK6          

        CLASS   BANK7          

        CLASS   BANK8          

        CLASS   BANK9          

        CLASS   BANK10         

        CLASS   BANK11         

        CLASS   BANK12         

        CLASS   BIGRAM         

        CLASS   RAM            

        CLASS   ABS1           
                abs_s1                               7E       7E        2         1

        CLASS   SFR0           

        CLASS   SFR1           

        CLASS   SFR2           

        CLASS   SFR3           

        CLASS   SFR4           

        CLASS   SFR5           

        CLASS   SFR6           

        CLASS   SFR7           

        CLASS   SFR8           

        CLASS   SFR9           

        CLASS   SFR10          

        CLASS   SFR11          

        CLASS   SFR12          

        CLASS   SFR13          

        CLASS   SFR14          

        CLASS   SFR15          

        CLASS   SFR16          

        CLASS   SFR17          

        CLASS   SFR18          

        CLASS   SFR19          

        CLASS   SFR20          

        CLASS   SFR21          

        CLASS   SFR22          

        CLASS   SFR23          

        CLASS   SFR24          

        CLASS   SFR25          

        CLASS   SFR26          

        CLASS   SFR27          

        CLASS   SFR28          

        CLASS   SFR29          

        CLASS   SFR30          

        CLASS   SFR31          

        CLASS   CONFIG         
                config                             8007     8007        2         4

        CLASS   IDLOC          
                idloc                              8000     8000        4         5

        CLASS   EEDATA         

        CLASS   BANK31         

        CLASS   BANK30         

        CLASS   BANK29         

        CLASS   BANK28         

        CLASS   BANK27         

        CLASS   BANK26         

        CLASS   BANK25         

        CLASS   BANK24         

        CLASS   BANK23         

        CLASS   BANK22         

        CLASS   BANK21         

        CLASS   BANK20         

        CLASS   BANK19         

        CLASS   BANK18         

        CLASS   BANK17         

        CLASS   BANK16         

        CLASS   BANK15         

        CLASS   BANK14         

        CLASS   BANK13         

        CLASS   HEAP           

        CLASS   STACK          



SEGMENTS        Name                           Load    Length   Top    Selector   Space  Class     Delta

                reset_vec                      000000  000004  000004         0       0  CODE        2
                nvBANK0                        000020  000006  000026        20       1  BANK0       1
                bssCOMMON                      000070  00000E  00007E        70       1  COMMON      1
                idataCOMMON                    0005E1  000001  0005E2       BC2       0  CODE        2
                text5                          0005E2  000004  0005E6       BC4       0  CODE        2
                text21                         0005E6  000005  0005EB       BCC       0  CODE        2
                text25                         0005EB  000006  0005F1       BD6       0  CODE        2
                text20                         0005F1  000006  0005F7       BE2       0  CODE        2
                text15                         0005F7  000006  0005FD       BEE       0  CODE        2
                text14                         0005FD  000006  000603       BFA       0  CODE        2
                text13                         000603  000006  000609       C06       0  CODE        2
                text3                          000609  000006  00060F       C12       0  CODE        2
                text2                          00060F  000006  000615       C1E       0  CODE        2
                text1                          000615  000006  00061B       C2A       0  CODE        2
                text11                         00061B  000007  000622       C36       0  CODE        2
                text7                          000622  000008  00062A       C44       0  CODE        2
                text9                          00062A  00000A  000634       C54       0  CODE        2
                text8                          000634  00000A  00063E       C68       0  CODE        2
                text6                          00063E  00000A  000648       C7C       0  CODE        2
                text22                         000648  00000F  000657       C90       0  CODE        2
                text17                         000657  000010  000667       CAE       0  CODE        2
                text16                         000667  000010  000677       CCE       0  CODE        2
                text24                         000677  000017  00068E       CEE       0  CODE        2
                text23                         00068E  000017  0006A5       D1C       0  CODE        2
                text19                         0006A5  000017  0006BC       D4A       0  CODE        2
                text18                         0006BC  000017  0006D3       D78       0  CODE        2
                text10                         0006D3  00001B  0006EE       DA6       0  CODE        2
                text4                          0006EE  00001F  00070D       DDC       0  CODE        2
                text12                         00070D  000021  00072E       E1A       0  CODE        2
                maintext                       00072E  0000C3  0007F1       E5C       0  CODE        2
                cinit                          0007F1  00000F  000800       FE2       0  CODE        2


UNUSED ADDRESS RANGES

        Name                Unused          Largest block    Delta
        BANK0            00026-0006F              4A           1
        BANK1            000A0-000EF              50           1
        BANK10           00520-0056F              50           1
        BANK11           005A0-005EF              50           1
        BANK12           00620-0064F              30           1
        BANK2            00120-0016F              50           1
        BANK3            001A0-001EF              50           1
        BANK4            00220-0026F              50           1
        BANK5            002A0-002EF              50           1
        BANK6            00320-0036F              50           1
        BANK7            003A0-003EF              50           1
        BANK8            00420-0046F              50           1
        BANK9            004A0-004EF              50           1
        BIGRAM           02000-023EF             3F0           1
        CODE             00004-005E0             5DD           2
                         00800-01FFF             800
        CONST            00004-005E0             100           2
                         00800-01FFF             100
        EEDATA           0F000-0F0FF             100           2
        ENTRY            00004-005E0             100           2
                         00800-01FFF             100
        RAM              00026-0006F              4A           1
                         000A0-000EF              50
                         00120-0016F              50
                         001A0-001EF              50
                         00220-0026F              50
                         002A0-002EF              50
                         00320-0036F              50
                         003A0-003EF              50
                         00420-0046F              50
                         004A0-004EF              50
                         00520-0056F              50
                         005A0-005EF              50
                         00620-0064F              30
        SFR0             00000-0001F              20           1
        SFR1             00080-0009F              20           1
        SFR10            00500-0051F              20           1
        SFR11            00580-0059F              20           1
        SFR12            00600-0061F              20           1
        SFR13            00680-006EF              70           1
        SFR14            00700-0076F              70           1
        SFR15            00780-007EF              70           1
        SFR16            00800-0086F              70           1
        SFR17            00880-008EF              70           1
        SFR18            00900-0096F              70           1
        SFR19            00980-009EF              70           1
        SFR2             00100-0011F              20           1
        SFR20            00A00-00A6F              70           1
        SFR21            00A80-00AEF              70           1
        SFR22            00B00-00B6F              70           1
        SFR23            00B80-00BEF              70           1
        SFR24            00C00-00C6F              70           1
        SFR25            00C80-00CEF              70           1
        SFR26            00D00-00D6F              70           1
        SFR27            00D80-00DEF              70           1
        SFR28            00E00-00E6F              70           1
        SFR29            00E80-00EEF              70           1
        SFR3             00180-0019F              20           1
        SFR30            00F00-00F6F              70           1
        SFR31            00F80-00FEF              70           1
        SFR4             00200-0021F              20           1
        SFR5             00280-0029F              20           1
        SFR6             00300-0031F              20           1
        SFR7             00380-0039F              20           1
        SFR8             00400-0041F              20           1
        SFR9             00480-0049F              20           1
        STRCODE          00004-005E0             5DD           2
                         00800-01FFF            1800
        STRING           00004-005E0             100           2
                         00800-01FFF             100

                                  Symbol Table

EPWM1_LoadDutyValue@dutyValue                  cstackCOMMON 00078
EPWM2_LoadDutyValue@dutyValue                  cstackCOMMON 00078
EUSART_SetErrorHandler@interruptHandler        cstackCOMMON 00078
EUSART_SetFramingErrorHandler@interruptHandler cstackCOMMON 00078
EUSART_SetOverrunErrorHandler@interruptHandler cstackCOMMON 00078
PWM3_LoadDutyValue@dutyValue                   cstackCOMMON 00078
PWM4_LoadDutyValue@dutyValue                   cstackCOMMON 00078
_ANSELA                                        (abs)        0018C
_ANSELB                                        (abs)        0018D
_ANSELC                                        (abs)        0018E
_APFCON0                                       (abs)        0011D
_APFCON1                                       (abs)        0011E
_BAUDCON                                       (abs)        0019F
_BORCON                                        (abs)        00116
_Backward                                      text25       005EB
_CCP1CON                                       (abs)        00293
_CCP2AS                                        (abs)        0029C
_CCP2CON                                       (abs)        0029A
_CCP3CON                                       (abs)        00313
_CCP4CON                                       (abs)        0031A
_CCPR1H                                        (abs)        00292
_CCPR1L                                        (abs)        00291
_CCPR2H                                        (abs)        00299
_CCPR2L                                        (abs)        00298
_CCPR3H                                        (abs)        00312
_CCPR3L                                        (abs)        00311
_CCPR4H                                        (abs)        00319
_CCPR4L                                        (abs)        00318
_CCPTMRSbits                                   (abs)        0029E
_ECCP1AS                                       (abs)        00295
_EPWM1_Initialize                              text17       00657
_EPWM1_LoadDutyValue                           text24       00677
_EPWM2_Initialize                              text16       00667
_EPWM2_LoadDutyValue                           text23       0068E
_EUSART_DefaultErrorHandler                    (abs)        00000
_EUSART_DefaultFramingErrorHandler             (abs)        00000
_EUSART_DefaultOverrunErrorHandler             (abs)        00000
_EUSART_ErrorHandler                           nvBANK0      00020
_EUSART_FramingErrorHandler                    nvBANK0      00024
_EUSART_Initialize                             text12       0070D
_EUSART_OverrunErrorHandler                    nvBANK0      00022
_EUSART_Read                                   text22       00648
_EUSART_SetErrorHandler                        text15       005F7
_EUSART_SetFramingErrorHandler                 text14       005FD
_EUSART_SetOverrunErrorHandler                 text13       00603
_EUSART_is_rx_ready                            text21       005E6
_Forward                                       text20       005F1
_LATA                                          (abs)        0010C
_LATAbits                                      (abs)        0010C
_LATB                                          (abs)        0010D
_LATC                                          (abs)        0010E
_LATCbits                                      (abs)        0010E
_OPTION_REGbits                                (abs)        00095
_OSCCON                                        (abs)        00099
_OSCILLATOR_Initialize                         text11       0061B
_OSCTUNE                                       (abs)        00098
_PIN_MANAGER_Initialize                        text10       006D3
_PIR1bits                                      (abs)        00011
_PIR3bits                                      (abs)        00013
_PORTBbits                                     (abs)        0000D
_PORTCbits                                     (abs)        0000E
_PR2                                           (abs)        0001B
_PR4                                           (abs)        00416
_PSTR1CON                                      (abs)        00296
_PSTR2CON                                      (abs)        0029D
_PWM1CON                                       (abs)        00294
_PWM2CON                                       (abs)        0029B
_PWM3_Initialize                               text9        0062A
_PWM3_LoadDutyValue                            text19       006A5
_PWM4_Initialize                               text8        00634
_PWM4_LoadDutyValue                            text18       006BC
_RCREG                                         (abs)        00199
_RCSTA                                         (abs)        0019D
_RCSTAbits                                     (abs)        0019D
_SPBRGH                                        (abs)        0019C
_SPBRGL                                        (abs)        0019B
_SYSTEM_Initialize                             text4        006EE
_Stop                                          text3        00609
_T2CON                                         (abs)        0001C
_T2CONbits                                     (abs)        0001C
_T4CON                                         (abs)        00417
_T4CONbits                                     (abs)        00417
_TMR2                                          (abs)        0001A
_TMR2_Initialize                               text7        00622
_TMR4                                          (abs)        00415
_TMR4_Initialize                               text6        0063E
_TRISA                                         (abs)        0008C
_TRISB                                         (abs)        0008D
_TRISC                                         (abs)        0008E
_TXREG                                         (abs)        0019A
_TXSTA                                         (abs)        0019E
_TXSTAbits                                     (abs)        0019E
_WDTCON                                        (abs)        00097
_WDT_Initialize                                text5        005E2
_WPUA                                          (abs)        0020C
_WPUB                                          (abs)        0020D
_WPUC                                          (abs)        0020E
__Habs1                                        abs1         00000
__Hbank0                                       bank0        00000
__Hbank1                                       bank1        00000
__Hbank10                                      bank10       00000
__Hbank11                                      bank11       00000
__Hbank12                                      bank12       00000
__Hbank13                                      bank13       00000
__Hbank14                                      bank14       00000
__Hbank15                                      bank15       00000
__Hbank16                                      bank16       00000
__Hbank17                                      bank17       00000
__Hbank18                                      bank18       00000
__Hbank19                                      bank19       00000
__Hbank2                                       bank2        00000
__Hbank20                                      bank20       00000
__Hbank21                                      bank21       00000
__Hbank22                                      bank22       00000
__Hbank23                                      bank23       00000
__Hbank24                                      bank24       00000
__Hbank25                                      bank25       00000
__Hbank26                                      bank26       00000
__Hbank27                                      bank27       00000
__Hbank28                                      bank28       00000
__Hbank29                                      bank29       00000
__Hbank3                                       bank3        00000
__Hbank30                                      bank30       00000
__Hbank31                                      bank31       00000
__Hbank4                                       bank4        00000
__Hbank5                                       bank5        00000
__Hbank6                                       bank6        00000
__Hbank7                                       bank7        00000
__Hbank8                                       bank8        00000
__Hbank9                                       bank9        00000
__Hbigram                                      bigram       00000
__HbssCOMMON                                   bssCOMMON    00000
__Hcinit                                       cinit        00800
__Hclrtext                                     clrtext      00000
__Hcode                                        code         00000
__Hcommon                                      common       00000
__Hconfig                                      config       08009
__HcstackCOMMON                                cstackCOMMON 00000
__HdataCOMMON                                  dataCOMMON   00000
__Heeprom_data                                 eeprom_data  00000
__Hend_init                                    end_init     00004
__Hfunctab                                     functab      00000
__Hheap                                        heap         00000
__HidataCOMMON                                 idataCOMMON  00000
__Hidloc                                       idloc        08004
__Hinit                                        init         00002
__Hintentry                                    intentry     00002
__Hmaintext                                    maintext     00000
__HnvBANK0                                     nvBANK0      00000
__Hpowerup                                     powerup      00000
__Hram                                         ram          00000
__Hreset_vec                                   reset_vec    00002
__Hsfr0                                        sfr0         00000
__Hsfr1                                        sfr1         00000
__Hsfr10                                       sfr10        00000
__Hsfr11                                       sfr11        00000
__Hsfr12                                       sfr12        00000
__Hsfr13                                       sfr13        00000
__Hsfr14                                       sfr14        00000
__Hsfr15                                       sfr15        00000
__Hsfr16                                       sfr16        00000
__Hsfr17                                       sfr17        00000
__Hsfr18                                       sfr18        00000
__Hsfr19                                       sfr19        00000
__Hsfr2                                        sfr2         00000
__Hsfr20                                       sfr20        00000
__Hsfr21                                       sfr21        00000
__Hsfr22                                       sfr22        00000
__Hsfr23                                       sfr23        00000
__Hsfr24                                       sfr24        00000
__Hsfr25                                       sfr25        00000
__Hsfr26                                       sfr26        00000
__Hsfr27                                       sfr27        00000
__Hsfr28                                       sfr28        00000
__Hsfr29                                       sfr29        00000
__Hsfr3                                        sfr3         00000
__Hsfr30                                       sfr30        00000
__Hsfr31                                       sfr31        00000
__Hsfr4                                        sfr4         00000
__Hsfr5                                        sfr5         00000
__Hsfr6                                        sfr6         00000
__Hsfr7                                        sfr7         00000
__Hsfr8                                        sfr8         00000
__Hsfr9                                        sfr9         00000
__Hspace_0                                     (abs)        00800
__Hspace_1                                     (abs)        0007E
__Hspace_2                                     (abs)        00000
__Hspace_3                                     (abs)        00000
__Hspace_4                                     (abs)        10010
__Hstack                                       stack        00000
__Hstrings                                     strings      00000
__Htext                                        text         00000
__Labs1                                        abs1         00000
__Lbank0                                       bank0        00000
__Lbank1                                       bank1        00000
__Lbank10                                      bank10       00000
__Lbank11                                      bank11       00000
__Lbank12                                      bank12       00000
__Lbank13                                      bank13       00000
__Lbank14                                      bank14       00000
__Lbank15                                      bank15       00000
__Lbank16                                      bank16       00000
__Lbank17                                      bank17       00000
__Lbank18                                      bank18       00000
__Lbank19                                      bank19       00000
__Lbank2                                       bank2        00000
__Lbank20                                      bank20       00000
__Lbank21                                      bank21       00000
__Lbank22                                      bank22       00000
__Lbank23                                      bank23       00000
__Lbank24                                      bank24       00000
__Lbank25                                      bank25       00000
__Lbank26                                      bank26       00000
__Lbank27                                      bank27       00000
__Lbank28                                      bank28       00000
__Lbank29                                      bank29       00000
__Lbank3                                       bank3        00000
__Lbank30                                      bank30       00000
__Lbank31                                      bank31       00000
__Lbank4                                       bank4        00000
__Lbank5                                       bank5        00000
__Lbank6                                       bank6        00000
__Lbank7                                       bank7        00000
__Lbank8                                       bank8        00000
__Lbank9                                       bank9        00000
__Lbigram                                      bigram       00000
__LbssCOMMON                                   bssCOMMON    00000
__Lcinit                                       cinit        007F1
__Lclrtext                                     clrtext      00000
__Lcode                                        code         00000
__Lcommon                                      common       00000
__Lconfig                                      config       00000
__LcstackCOMMON                                cstackCOMMON 00000
__LdataCOMMON                                  dataCOMMON   00000
__Leeprom_data                                 eeprom_data  00000
__Lend_init                                    end_init     00002
__Lfunctab                                     functab      00000
__Lheap                                        heap         00000
__LidataCOMMON                                 idataCOMMON  00000
__Lidloc                                       idloc        00000
__Linit                                        init         00002
__Lintentry                                    intentry     00002
__Lmaintext                                    maintext     00000
__LnvBANK0                                     nvBANK0      00000
__Lpowerup                                     powerup      00000
__Lram                                         ram          00000
__Lreset_vec                                   reset_vec    00000
__Lsfr0                                        sfr0         00000
__Lsfr1                                        sfr1         00000
__Lsfr10                                       sfr10        00000
__Lsfr11                                       sfr11        00000
__Lsfr12                                       sfr12        00000
__Lsfr13                                       sfr13        00000
__Lsfr14                                       sfr14        00000
__Lsfr15                                       sfr15        00000
__Lsfr16                                       sfr16        00000
__Lsfr17                                       sfr17        00000
__Lsfr18                                       sfr18        00000
__Lsfr19                                       sfr19        00000
__Lsfr2                                        sfr2         00000
__Lsfr20                                       sfr20        00000
__Lsfr21                                       sfr21        00000
__Lsfr22                                       sfr22        00000
__Lsfr23                                       sfr23        00000
__Lsfr24                                       sfr24        00000
__Lsfr25                                       sfr25        00000
__Lsfr26                                       sfr26        00000
__Lsfr27                                       sfr27        00000
__Lsfr28                                       sfr28        00000
__Lsfr29                                       sfr29        00000
__Lsfr3                                        sfr3         00000
__Lsfr30                                       sfr30        00000
__Lsfr31                                       sfr31        00000
__Lsfr4                                        sfr4         00000
__Lsfr5                                        sfr5         00000
__Lsfr6                                        sfr6         00000
__Lsfr7                                        sfr7         00000
__Lsfr8                                        sfr8         00000
__Lsfr9                                        sfr9         00000
__Lspace_0                                     (abs)        00000
__Lspace_1                                     (abs)        00000
__Lspace_2                                     (abs)        00000
__Lspace_3                                     (abs)        00000
__Lspace_4                                     (abs)        00000
__Lstack                                       stack        00000
__Lstrings                                     strings      00000
__Ltext                                        text         00000
__S0                                           (abs)        00800
__S1                                           (abs)        0007E
__S3                                           (abs)        00000
___heap_hi                                     (abs)        00000
___heap_lo                                     (abs)        00000
___int_sp                                      stack        00000
___latbits                                     (abs)        00002
___sp                                          stack        00000
___stackhi                                     (abs)        00000
___stacklo                                     (abs)        00000
__end_of_Backward                              text25       005F1
__end_of_EPWM1_Initialize                      text17       00667
__end_of_EPWM1_LoadDutyValue                   text24       0068E
__end_of_EPWM2_Initialize                      text16       00677
__end_of_EPWM2_LoadDutyValue                   text23       006A5
__end_of_EUSART_Initialize                     text12       0072E
__end_of_EUSART_Read                           text22       00657
__end_of_EUSART_SetErrorHandler                text15       005FD
__end_of_EUSART_SetFramingErrorHandler         text14       00603
__end_of_EUSART_SetOverrunErrorHandler         text13       00609
__end_of_EUSART_is_rx_ready                    text21       005EB
__end_of_Forward                               text20       005F7
__end_of_OSCILLATOR_Initialize                 text11       00622
__end_of_PIN_MANAGER_Initialize                text10       006EE
__end_of_PWM3_Initialize                       text9        00634
__end_of_PWM3_LoadDutyValue                    text19       006BC
__end_of_PWM4_Initialize                       text8        0063E
__end_of_PWM4_LoadDutyValue                    text18       006D3
__end_of_SYSTEM_Initialize                     text4        0070D
__end_of_Stop                                  text3        0060F
__end_of_TMR2_Initialize                       text7        0062A
__end_of_TMR4_Initialize                       text6        00648
__end_of_WDT_Initialize                        text5        005E6
__end_of__initialization                       cinit        007FD
__end_of_main                                  maintext     007F1
__end_of_turnLeft                              text2        00615
__end_of_turnRight                             text1        0061B
__initialization                               cinit        007F1
__pbssCOMMON                                   bssCOMMON    00070
__pcstackCOMMON                                cstackCOMMON 00078
__pdataCOMMON                                  dataCOMMON   0007D
__pidataCOMMON                                 idataCOMMON  005E1
__pmaintext                                    maintext     0072E
__pnvBANK0                                     nvBANK0      00020
__ptext1                                       text1        00615
__ptext10                                      text10       006D3
__ptext11                                      text11       0061B
__ptext12                                      text12       0070D
__ptext13                                      text13       00603
__ptext14                                      text14       005FD
__ptext15                                      text15       005F7
__ptext16                                      text16       00667
__ptext17                                      text17       00657
__ptext18                                      text18       006BC
__ptext19                                      text19       006A5
__ptext2                                       text2        0060F
__ptext20                                      text20       005F1
__ptext21                                      text21       005E6
__ptext22                                      text22       00648
__ptext23                                      text23       0068E
__ptext24                                      text24       00677
__ptext25                                      text25       005EB
__ptext3                                       text3        00609
__ptext4                                       text4        006EE
__ptext5                                       text5        005E2
__ptext6                                       text6        0063E
__ptext7                                       text7        00622
__ptext8                                       text8        00634
__ptext9                                       text9        0062A
_cmd                                           bssCOMMON    00076
_eusartRxLastError                             bssCOMMON    00077
_main                                          maintext     0072E
_state                                         dataCOMMON   0007D
_turnLeft                                      text2        0060F
_turnRight                                     text1        00615
btemp                                          (abs)        0007E
end_of_initialization                          cinit        007FD
intlevel0                                      functab      00000
intlevel1                                      functab      00000
intlevel2                                      functab      00000
intlevel3                                      functab      00000
intlevel4                                      functab      00000
intlevel5                                      functab      00000
reset_vec                                      reset_vec    00000
start                                          init         00002
start_initialization                           cinit        007F1
wtemp0                                         (abs)        0007E


MODULE INFORMATION

Module		Function		Class		Link	Load	Size
mcc_generated_files/tmr4.c
		_TMR4_Initialize		CODE           	063E	0000	10

mcc_generated_files/tmr4.c estimated size: 10

mcc_generated_files/pwm4.c
		_PWM4_Initialize		CODE           	0634	0000	10
		_PWM4_LoadDutyValue		CODE           	06BC	0000	23

mcc_generated_files/pwm4.c estimated size: 33

mcc_generated_files/tmr2.c
		_TMR2_Initialize		CODE           	0622	0000	8

mcc_generated_files/tmr2.c estimated size: 8

mcc_generated_files/epwm2.c
		_EPWM2_LoadDutyValue		CODE           	068E	0000	23
		_EPWM2_Initialize		CODE           	0667	0000	16

mcc_generated_files/epwm2.c estimated size: 39

mcc_generated_files/pin_manager.c
		_PIN_MANAGER_Initialize		CODE           	06D3	0000	27

mcc_generated_files/pin_manager.c estimated size: 27

shared
		__initialization		CODE           	07F1	0000	12

shared estimated size: 12

mcc_generated_files/mcc.c
		_WDT_Initialize		CODE           	05E2	0000	4
		_OSCILLATOR_Initialize		CODE           	061B	0000	7
		_SYSTEM_Initialize		CODE           	06EE	0000	31

mcc_generated_files/mcc.c estimated size: 42

mcc_generated_files/pwm3.c
		_PWM3_Initialize		CODE           	062A	0000	10
		_PWM3_LoadDutyValue		CODE           	06A5	0000	23

mcc_generated_files/pwm3.c estimated size: 33

mcc_generated_files/epwm1.c
		_EPWM1_LoadDutyValue		CODE           	0677	0000	23
		_EPWM1_Initialize		CODE           	0657	0000	16

mcc_generated_files/epwm1.c estimated size: 39

mcc_generated_files/eusart.c
		_EUSART_Read   		CODE           	0648	0000	15
		_EUSART_Initialize		CODE           	070D	0000	33
		_EUSART_SetFramingErrorHandler		CODE           	05FD	0000	6
		_EUSART_SetErrorHandler		CODE           	05F7	0000	6
		_EUSART_SetOverrunErrorHandler		CODE           	0603	0000	6
		_EUSART_is_rx_ready		CODE           	05E6	0000	5

mcc_generated_files/eusart.c estimated size: 71

main.c
		_Forward       		CODE           	05F1	0000	6
		_turnLeft      		CODE           	060F	0000	6
		_turnRight     		CODE           	0615	0000	6
		_main          		CODE           	072E	0000	195
		_Backward      		CODE           	05EB	0000	6
		_Stop          		CODE           	0609	0000	6

main.c estimated size: 225

